Archive member included to satisfy reference by file (symbol)

/usr/lib/gcc/arm-none-eabi/9.2.1/../../../arm-none-eabi/lib/thumb/v7e-m+fp/hard/libc_nano.a(lib_a-atexit.o)
                              /usr/lib/gcc/arm-none-eabi/9.2.1/../../../arm-none-eabi/lib/thumb/v7e-m+fp/hard/crt0.o (atexit)
/usr/lib/gcc/arm-none-eabi/9.2.1/../../../arm-none-eabi/lib/thumb/v7e-m+fp/hard/libc_nano.a(lib_a-exit.o)
                              /usr/lib/gcc/arm-none-eabi/9.2.1/../../../arm-none-eabi/lib/thumb/v7e-m+fp/hard/crt0.o (exit)
/usr/lib/gcc/arm-none-eabi/9.2.1/../../../arm-none-eabi/lib/thumb/v7e-m+fp/hard/libc_nano.a(lib_a-fini.o)
                              /usr/lib/gcc/arm-none-eabi/9.2.1/../../../arm-none-eabi/lib/thumb/v7e-m+fp/hard/crt0.o (__libc_fini_array)
/usr/lib/gcc/arm-none-eabi/9.2.1/../../../arm-none-eabi/lib/thumb/v7e-m+fp/hard/libc_nano.a(lib_a-impure.o)
                              /usr/lib/gcc/arm-none-eabi/9.2.1/../../../arm-none-eabi/lib/thumb/v7e-m+fp/hard/libc_nano.a(lib_a-exit.o) (_global_impure_ptr)
/usr/lib/gcc/arm-none-eabi/9.2.1/../../../arm-none-eabi/lib/thumb/v7e-m+fp/hard/libc_nano.a(lib_a-init.o)
                              /usr/lib/gcc/arm-none-eabi/9.2.1/../../../arm-none-eabi/lib/thumb/v7e-m+fp/hard/crt0.o (__libc_init_array)
/usr/lib/gcc/arm-none-eabi/9.2.1/../../../arm-none-eabi/lib/thumb/v7e-m+fp/hard/libc_nano.a(lib_a-memset.o)
                              /usr/lib/gcc/arm-none-eabi/9.2.1/../../../arm-none-eabi/lib/thumb/v7e-m+fp/hard/crt0.o (memset)
/usr/lib/gcc/arm-none-eabi/9.2.1/../../../arm-none-eabi/lib/thumb/v7e-m+fp/hard/libc_nano.a(lib_a-__atexit.o)
                              /usr/lib/gcc/arm-none-eabi/9.2.1/../../../arm-none-eabi/lib/thumb/v7e-m+fp/hard/libc_nano.a(lib_a-atexit.o) (__register_exitproc)
/usr/lib/gcc/arm-none-eabi/9.2.1/../../../arm-none-eabi/lib/thumb/v7e-m+fp/hard/libc_nano.a(lib_a-__call_atexit.o)
                              /usr/lib/gcc/arm-none-eabi/9.2.1/../../../arm-none-eabi/lib/thumb/v7e-m+fp/hard/libc_nano.a(lib_a-__atexit.o) (__call_exitprocs)
/usr/lib/gcc/arm-none-eabi/9.2.1/thumb/v7e-m+fp/hard/libgcc.a(_aeabi_uldivmod.o)
                              CMakeFiles/NUCLEOH7_CMAKE.dir/Drivers/STM32H7xx_HAL_Driver/Src/stm32h7xx_hal_uart.c.obj (__aeabi_uldivmod)
/usr/lib/gcc/arm-none-eabi/9.2.1/thumb/v7e-m+fp/hard/libgcc.a(_udivmoddi4.o)
                              /usr/lib/gcc/arm-none-eabi/9.2.1/thumb/v7e-m+fp/hard/libgcc.a(_aeabi_uldivmod.o) (__udivmoddi4)
/usr/lib/gcc/arm-none-eabi/9.2.1/thumb/v7e-m+fp/hard/libgcc.a(_dvmd_tls.o)
                              /usr/lib/gcc/arm-none-eabi/9.2.1/thumb/v7e-m+fp/hard/libgcc.a(_aeabi_uldivmod.o) (__aeabi_ldiv0)
/usr/lib/gcc/arm-none-eabi/9.2.1/../../../arm-none-eabi/lib/thumb/v7e-m+fp/hard/libnosys.a(_exit.o)
                              /usr/lib/gcc/arm-none-eabi/9.2.1/../../../arm-none-eabi/lib/thumb/v7e-m+fp/hard/libc_nano.a(lib_a-exit.o) (_exit)

Allocating common symbols
Common symbol       size              file

defaultTaskHandle   0x4               CMakeFiles/NUCLEOH7_CMAKE.dir/Core/Src/freertos.c.obj
huart3              0x90              CMakeFiles/NUCLEOH7_CMAKE.dir/Core/Src/usart.c.obj
hpcd_USB_OTG_FS     0x408             CMakeFiles/NUCLEOH7_CMAKE.dir/Core/Src/usb_otg.c.obj
uwTick              0x4               CMakeFiles/NUCLEOH7_CMAKE.dir/Drivers/STM32H7xx_HAL_Driver/Src/stm32h7xx_hal.c.obj
pFlash              0x1c              CMakeFiles/NUCLEOH7_CMAKE.dir/Drivers/STM32H7xx_HAL_Driver/Src/stm32h7xx_hal_flash.c.obj
Blink02Handle       0x4               CMakeFiles/NUCLEOH7_CMAKE.dir/Core/Src/main.c.obj
Blink03Handle       0x4               CMakeFiles/NUCLEOH7_CMAKE.dir/Core/Src/main.c.obj
htim6               0x4c              CMakeFiles/NUCLEOH7_CMAKE.dir/Core/Src/stm32h7xx_hal_timebase_tim.c.obj
Blink01Handle       0x4               CMakeFiles/NUCLEOH7_CMAKE.dir/Core/Src/main.c.obj
heth                0x88              CMakeFiles/NUCLEOH7_CMAKE.dir/Core/Src/eth.c.obj
TxConfig            0x34              CMakeFiles/NUCLEOH7_CMAKE.dir/Core/Src/eth.c.obj

Discarded input sections

 .text          0x0000000000000000        0x0 /usr/lib/gcc/arm-none-eabi/9.2.1/thumb/v7e-m+fp/hard/crti.o
 .data          0x0000000000000000        0x0 /usr/lib/gcc/arm-none-eabi/9.2.1/thumb/v7e-m+fp/hard/crti.o
 .bss           0x0000000000000000        0x0 /usr/lib/gcc/arm-none-eabi/9.2.1/thumb/v7e-m+fp/hard/crti.o
 .data          0x0000000000000000        0x4 /usr/lib/gcc/arm-none-eabi/9.2.1/thumb/v7e-m+fp/hard/crtbegin.o
 .text          0x0000000000000000       0x70 /usr/lib/gcc/arm-none-eabi/9.2.1/../../../arm-none-eabi/lib/thumb/v7e-m+fp/hard/crt0.o
 .data          0x0000000000000000        0x0 /usr/lib/gcc/arm-none-eabi/9.2.1/../../../arm-none-eabi/lib/thumb/v7e-m+fp/hard/crt0.o
 .bss           0x0000000000000000        0x0 /usr/lib/gcc/arm-none-eabi/9.2.1/../../../arm-none-eabi/lib/thumb/v7e-m+fp/hard/crt0.o
[...]
Memory Configuration

Name             Origin             Length             Attributes
DTCMRAM          0x0000000020000000 0x0000000000020000 xrw
RAM_D1           0x0000000024000000 0x0000000000080000 xrw
RAM_D2           0x0000000030000000 0x0000000000048000 xrw
RAM_D3           0x0000000038000000 0x0000000000010000 xrw
ITCMRAM          0x0000000000000000 0x0000000000010000 xrw
FLASH            0x0000000008000000 0x0000000000200000 xr
*default*        0x0000000000000000 0xffffffffffffffff

Linker script and memory map

LOAD /usr/lib/gcc/arm-none-eabi/9.2.1/thumb/v7e-m+fp/hard/crti.o
LOAD /usr/lib/gcc/arm-none-eabi/9.2.1/thumb/v7e-m+fp/hard/crtbegin.o
LOAD /usr/lib/gcc/arm-none-eabi/9.2.1/../../../arm-none-eabi/lib/thumb/v7e-m+fp/hard/crt0.o
START GROUP
LOAD /usr/lib/gcc/arm-none-eabi/9.2.1/../../../arm-none-eabi/lib/thumb/v7e-m+fp/hard/libc_nano.a
LOAD /usr/lib/gcc/arm-none-eabi/9.2.1/../../../arm-none-eabi/lib/thumb/v7e-m+fp/hard/libm.a
LOAD /usr/lib/gcc/arm-none-eabi/9.2.1/../../../arm-none-eabi/lib/thumb/v7e-m+fp/hard/libstdc++_nano.a
LOAD /usr/lib/gcc/arm-none-eabi/9.2.1/../../../arm-none-eabi/lib/thumb/v7e-m+fp/hard/libsupc++_nano.a
END GROUP
LOAD CMakeFiles/NUCLEOH7_CMAKE.dir/Core/Src/eth.c.obj
LOAD CMakeFiles/NUCLEOH7_CMAKE.dir/Core/Src/freertos.c.obj
LOAD CMakeFiles/NUCLEOH7_CMAKE.dir/Core/Src/gpio.c.obj
LOAD CMakeFiles/NUCLEOH7_CMAKE.dir/Core/Src/main.c.obj
LOAD CMakeFiles/NUCLEOH7_CMAKE.dir/Core/Src/stm32h7xx_hal_msp.c.obj
LOAD CMakeFiles/NUCLEOH7_CMAKE.dir/Core/Src/stm32h7xx_hal_timebase_tim.c.obj
LOAD CMakeFiles/NUCLEOH7_CMAKE.dir/Core/Src/stm32h7xx_it.c.obj
LOAD CMakeFiles/NUCLEOH7_CMAKE.dir/Core/Src/system_stm32h7xx.c.obj
LOAD CMakeFiles/NUCLEOH7_CMAKE.dir/Core/Src/usart.c.obj
LOAD CMakeFiles/NUCLEOH7_CMAKE.dir/Core/Src/usb_otg.c.obj
LOAD CMakeFiles/NUCLEOH7_CMAKE.dir/Drivers/STM32H7xx_HAL_Driver/Src/stm32h7xx_hal.c.obj
LOAD CMakeFiles/NUCLEOH7_CMAKE.dir/Drivers/STM32H7xx_HAL_Driver/Src/stm32h7xx_hal_cortex.c.obj
LOAD CMakeFiles/NUCLEOH7_CMAKE.dir/Drivers/STM32H7xx_HAL_Driver/Src/stm32h7xx_hal_dma.c.obj
LOAD CMakeFiles/NUCLEOH7_CMAKE.dir/Drivers/STM32H7xx_HAL_Driver/Src/stm32h7xx_hal_dma_ex.c.obj
LOAD CMakeFiles/NUCLEOH7_CMAKE.dir/Drivers/STM32H7xx_HAL_Driver/Src/stm32h7xx_hal_eth.c.obj
LOAD CMakeFiles/NUCLEOH7_CMAKE.dir/Drivers/STM32H7xx_HAL_Driver/Src/stm32h7xx_hal_eth_ex.c.obj
LOAD CMakeFiles/NUCLEOH7_CMAKE.dir/Drivers/STM32H7xx_HAL_Driver/Src/stm32h7xx_hal_exti.c.obj
LOAD CMakeFiles/NUCLEOH7_CMAKE.dir/Drivers/STM32H7xx_HAL_Driver/Src/stm32h7xx_hal_flash.c.obj
LOAD CMakeFiles/NUCLEOH7_CMAKE.dir/Drivers/STM32H7xx_HAL_Driver/Src/stm32h7xx_hal_flash_ex.c.obj
LOAD CMakeFiles/NUCLEOH7_CMAKE.dir/Drivers/STM32H7xx_HAL_Driver/Src/stm32h7xx_hal_gpio.c.obj
LOAD CMakeFiles/NUCLEOH7_CMAKE.dir/Drivers/STM32H7xx_HAL_Driver/Src/stm32h7xx_hal_hsem.c.obj
LOAD CMakeFiles/NUCLEOH7_CMAKE.dir/Drivers/STM32H7xx_HAL_Driver/Src/stm32h7xx_hal_i2c.c.obj
LOAD CMakeFiles/NUCLEOH7_CMAKE.dir/Drivers/STM32H7xx_HAL_Driver/Src/stm32h7xx_hal_i2c_ex.c.obj
LOAD CMakeFiles/NUCLEOH7_CMAKE.dir/Drivers/STM32H7xx_HAL_Driver/Src/stm32h7xx_hal_mdma.c.obj
LOAD CMakeFiles/NUCLEOH7_CMAKE.dir/Drivers/STM32H7xx_HAL_Driver/Src/stm32h7xx_hal_pcd.c.obj
LOAD CMakeFiles/NUCLEOH7_CMAKE.dir/Drivers/STM32H7xx_HAL_Driver/Src/stm32h7xx_hal_pcd_ex.c.obj
LOAD CMakeFiles/NUCLEOH7_CMAKE.dir/Drivers/STM32H7xx_HAL_Driver/Src/stm32h7xx_hal_pwr.c.obj
LOAD CMakeFiles/NUCLEOH7_CMAKE.dir/Drivers/STM32H7xx_HAL_Driver/Src/stm32h7xx_hal_pwr_ex.c.obj
LOAD CMakeFiles/NUCLEOH7_CMAKE.dir/Drivers/STM32H7xx_HAL_Driver/Src/stm32h7xx_hal_rcc.c.obj
LOAD CMakeFiles/NUCLEOH7_CMAKE.dir/Drivers/STM32H7xx_HAL_Driver/Src/stm32h7xx_hal_rcc_ex.c.obj
LOAD CMakeFiles/NUCLEOH7_CMAKE.dir/Drivers/STM32H7xx_HAL_Driver/Src/stm32h7xx_hal_tim.c.obj
LOAD CMakeFiles/NUCLEOH7_CMAKE.dir/Drivers/STM32H7xx_HAL_Driver/Src/stm32h7xx_hal_tim_ex.c.obj
LOAD CMakeFiles/NUCLEOH7_CMAKE.dir/Drivers/STM32H7xx_HAL_Driver/Src/stm32h7xx_hal_uart.c.obj
LOAD CMakeFiles/NUCLEOH7_CMAKE.dir/Drivers/STM32H7xx_HAL_Driver/Src/stm32h7xx_hal_uart_ex.c.obj
LOAD CMakeFiles/NUCLEOH7_CMAKE.dir/Drivers/STM32H7xx_HAL_Driver/Src/stm32h7xx_ll_usb.c.obj
LOAD CMakeFiles/NUCLEOH7_CMAKE.dir/startup_stm32h743xx.s.obj
START GROUP
LOAD /usr/lib/gcc/arm-none-eabi/9.2.1/thumb/v7e-m+fp/hard/libgcc.a
LOAD /usr/lib/gcc/arm-none-eabi/9.2.1/../../../arm-none-eabi/lib/thumb/v7e-m+fp/hard/libg_nano.a
LOAD /usr/lib/gcc/arm-none-eabi/9.2.1/../../../arm-none-eabi/lib/thumb/v7e-m+fp/hard/libc_nano.a
END GROUP
START GROUP
LOAD /usr/lib/gcc/arm-none-eabi/9.2.1/thumb/v7e-m+fp/hard/libgcc.a
LOAD /usr/lib/gcc/arm-none-eabi/9.2.1/../../../arm-none-eabi/lib/thumb/v7e-m+fp/hard/libc_nano.a
LOAD /usr/lib/gcc/arm-none-eabi/9.2.1/../../../arm-none-eabi/lib/thumb/v7e-m+fp/hard/libnosys.a
END GROUP
START GROUP
LOAD /usr/lib/gcc/arm-none-eabi/9.2.1/thumb/v7e-m+fp/hard/libgcc.a
LOAD /usr/lib/gcc/arm-none-eabi/9.2.1/../../../arm-none-eabi/lib/thumb/v7e-m+fp/hard/libc_nano.a
LOAD /usr/lib/gcc/arm-none-eabi/9.2.1/../../../arm-none-eabi/lib/thumb/v7e-m+fp/hard/libnosys.a
END GROUP
LOAD /usr/lib/gcc/arm-none-eabi/9.2.1/thumb/v7e-m+fp/hard/crtend.o
LOAD /usr/lib/gcc/arm-none-eabi/9.2.1/thumb/v7e-m+fp/hard/crtn.o
                0x0000000020020000                _estack = 0x20020000
                0x0000000000000200                _Min_Heap_Size = 0x200
                0x0000000000000400                _Min_Stack_Size = 0x400

.isr_vector     0x0000000008000000      0x298
                0x0000000008000000                . = ALIGN (0x4)
 *(.isr_vector)
 .isr_vector    0x0000000008000000      0x298 CMakeFiles/NUCLEOH7_CMAKE.dir/startup_stm32h743xx.s.obj
                0x0000000008000000                g_pfnVectors
                0x0000000008000298                . = ALIGN (0x4)

.text           0x0000000008000298     0x43e0
                0x0000000008000298                . = ALIGN (0x4)
 *(.text)
 .text          0x0000000008000298       0x88 /usr/lib/gcc/arm-none-eabi/9.2.1/thumb/v7e-m+fp/hard/crtbegin.o
 .text          0x0000000008000320       0x48 /usr/lib/gcc/arm-none-eabi/9.2.1/../../../arm-none-eabi/lib/thumb/v7e-m+fp/hard/libc_nano.a(lib_a-init.o)
                0x0000000008000320                __libc_init_array
 .text          0x0000000008000368       0xa0 /usr/lib/gcc/arm-none-eabi/9.2.1/../../../arm-none-eabi/lib/thumb/v7e-m+fp/hard/libc_nano.a(lib_a-memset.o)
                0x0000000008000368                memset
 .text          0x0000000008000408       0x30 /usr/lib/gcc/arm-none-eabi/9.2.1/thumb/v7e-m+fp/hard/libgcc.a(_aeabi_uldivmod.o)
                0x0000000008000408                __aeabi_uldivmod
 .text          0x0000000008000438      0x2c4 /usr/lib/gcc/arm-none-eabi/9.2.1/thumb/v7e-m+fp/hard/libgcc.a(_udivmoddi4.o)
                0x0000000008000438                __udivmoddi4
 .text          0x00000000080006fc        0x4 /usr/lib/gcc/arm-none-eabi/9.2.1/thumb/v7e-m+fp/hard/libgcc.a(_dvmd_tls.o)
                0x00000000080006fc                __aeabi_ldiv0
                0x00000000080006fc                __aeabi_idiv0
 *(.text*)
 .text.MX_ETH_Init
                0x0000000008000700       0x70 CMakeFiles/NUCLEOH7_CMAKE.dir/Core/Src/eth.c.obj
                0x0000000008000700                MX_ETH_Init
 .text.HAL_ETH_MspInit
                0x0000000008000770      0x13c CMakeFiles/NUCLEOH7_CMAKE.dir/Core/Src/eth.c.obj
                0x0000000008000770                HAL_ETH_MspInit
 .text.StartDefaultTask
                0x00000000080008ac        0xa CMakeFiles/NUCLEOH7_CMAKE.dir/Core/Src/freertos.c.obj
                0x00000000080008ac                StartDefaultTask
 *fill*         0x00000000080008b6        0x2 
 .text.MX_FREERTOS_Init
                0x00000000080008b8       0x20 CMakeFiles/NUCLEOH7_CMAKE.dir/Core/Src/freertos.c.obj
                0x00000000080008b8                MX_FREERTOS_Init
 .text.MX_GPIO_Init
                0x00000000080008d8      0x168 CMakeFiles/NUCLEOH7_CMAKE.dir/Core/Src/gpio.c.obj
                0x00000000080008d8                MX_GPIO_Init
 .text.StartTask01
                0x0000000008000a40       0x18 CMakeFiles/NUCLEOH7_CMAKE.dir/Core/Src/main.c.obj
                0x0000000008000a40                StartTask01
 .text.StartTask02
                0x0000000008000a58       0x18 CMakeFiles/NUCLEOH7_CMAKE.dir/Core/Src/main.c.obj
                0x0000000008000a58                StartTask02
 .text.StartTask03
                0x0000000008000a70       0x1c CMakeFiles/NUCLEOH7_CMAKE.dir/Core/Src/main.c.obj
                0x0000000008000a70                StartTask03
 .text.HAL_TIM_PeriodElapsedCallback
                0x0000000008000a8c       0x18 CMakeFiles/NUCLEOH7_CMAKE.dir/Core/Src/main.c.obj
                0x0000000008000a8c                HAL_TIM_PeriodElapsedCallback
 .text.Error_Handler
                0x0000000008000aa4        0x4 CMakeFiles/NUCLEOH7_CMAKE.dir/Core/Src/main.c.obj
                0x0000000008000aa4                Error_Handler
 .text.SystemClock_Config
                0x0000000008000aa8       0xc0 CMakeFiles/NUCLEOH7_CMAKE.dir/Core/Src/main.c.obj
                0x0000000008000aa8                SystemClock_Config
 .text.main     0x0000000008000b68       0x78 CMakeFiles/NUCLEOH7_CMAKE.dir/Core/Src/main.c.obj
                0x0000000008000b68                main
 .text.HAL_MspInit
                0x0000000008000be0       0x34 CMakeFiles/NUCLEOH7_CMAKE.dir/Core/Src/stm32h7xx_hal_msp.c.obj
                0x0000000008000be0                HAL_MspInit
 .text.HAL_InitTick
                0x0000000008000c14       0x9c CMakeFiles/NUCLEOH7_CMAKE.dir/Core/Src/stm32h7xx_hal_timebase_tim.c.obj
                0x0000000008000c14                HAL_InitTick
 .text.NMI_Handler
                0x0000000008000cb0        0x2 CMakeFiles/NUCLEOH7_CMAKE.dir/Core/Src/stm32h7xx_it.c.obj
                0x0000000008000cb0                NMI_Handler
 .text.HardFault_Handler
                0x0000000008000cb2        0x2 CMakeFiles/NUCLEOH7_CMAKE.dir/Core/Src/stm32h7xx_it.c.obj
                0x0000000008000cb2                HardFault_Handler
 .text.MemManage_Handler
                0x0000000008000cb4        0x2 CMakeFiles/NUCLEOH7_CMAKE.dir/Core/Src/stm32h7xx_it.c.obj
                0x0000000008000cb4                MemManage_Handler
 .text.BusFault_Handler
                0x0000000008000cb6        0x2 CMakeFiles/NUCLEOH7_CMAKE.dir/Core/Src/stm32h7xx_it.c.obj
                0x0000000008000cb6                BusFault_Handler
 .text.UsageFault_Handler
                0x0000000008000cb8        0x2 CMakeFiles/NUCLEOH7_CMAKE.dir/Core/Src/stm32h7xx_it.c.obj
                0x0000000008000cb8                UsageFault_Handler
 .text.DebugMon_Handler
                0x0000000008000cba        0x2 CMakeFiles/NUCLEOH7_CMAKE.dir/Core/Src/stm32h7xx_it.c.obj
                0x0000000008000cba                DebugMon_Handler
 .text.TIM6_DAC_IRQHandler
                0x0000000008000cbc       0x10 CMakeFiles/NUCLEOH7_CMAKE.dir/Core/Src/stm32h7xx_it.c.obj
                0x0000000008000cbc                TIM6_DAC_IRQHandler
 .text.SystemInit
                0x0000000008000ccc       0xd4 CMakeFiles/NUCLEOH7_CMAKE.dir/Core/Src/system_stm32h7xx.c.obj
                0x0000000008000ccc                SystemInit
 .text.MX_USART3_UART_Init
                0x0000000008000da0       0x68 CMakeFiles/NUCLEOH7_CMAKE.dir/Core/Src/usart.c.obj
                0x0000000008000da0                MX_USART3_UART_Init
 .text.HAL_UART_MspInit
                0x0000000008000e08       0x98 CMakeFiles/NUCLEOH7_CMAKE.dir/Core/Src/usart.c.obj
                0x0000000008000e08                HAL_UART_MspInit
 .text.MX_USB_OTG_FS_PCD_Init
                0x0000000008000ea0       0x3c CMakeFiles/NUCLEOH7_CMAKE.dir/Core/Src/usb_otg.c.obj
                0x0000000008000ea0                MX_USB_OTG_FS_PCD_Init
 .text.HAL_PCD_MspInit
                0x0000000008000edc       0xb8 CMakeFiles/NUCLEOH7_CMAKE.dir/Core/Src/usb_otg.c.obj
                0x0000000008000edc                HAL_PCD_MspInit
 .text.HAL_Init
                0x0000000008000f94       0x5c CMakeFiles/NUCLEOH7_CMAKE.dir/Drivers/STM32H7xx_HAL_Driver/Src/stm32h7xx_hal.c.obj
                0x0000000008000f94                HAL_Init
 .text.HAL_IncTick
                0x0000000008000ff0       0x18 CMakeFiles/NUCLEOH7_CMAKE.dir/Drivers/STM32H7xx_HAL_Driver/Src/stm32h7xx_hal.c.obj
                0x0000000008000ff0                HAL_IncTick
 .text.HAL_GetTick
                0x0000000008001008        0xc CMakeFiles/NUCLEOH7_CMAKE.dir/Drivers/STM32H7xx_HAL_Driver/Src/stm32h7xx_hal.c.obj
                0x0000000008001008                HAL_GetTick
 .text.HAL_Delay
                0x0000000008001014       0x28 CMakeFiles/NUCLEOH7_CMAKE.dir/Drivers/STM32H7xx_HAL_Driver/Src/stm32h7xx_hal.c.obj
                0x0000000008001014                HAL_Delay
 .text.HAL_GetREVID
                0x000000000800103c        0xc CMakeFiles/NUCLEOH7_CMAKE.dir/Drivers/STM32H7xx_HAL_Driver/Src/stm32h7xx_hal.c.obj
                0x000000000800103c                HAL_GetREVID
 .text.HAL_SYSCFG_ETHInterfaceSelect
                0x0000000008001048       0x14 CMakeFiles/NUCLEOH7_CMAKE.dir/Drivers/STM32H7xx_HAL_Driver/Src/stm32h7xx_hal.c.obj
                0x0000000008001048                HAL_SYSCFG_ETHInterfaceSelect
 .text.HAL_NVIC_SetPriorityGrouping
                0x000000000800105c       0x24 CMakeFiles/NUCLEOH7_CMAKE.dir/Drivers/STM32H7xx_HAL_Driver/Src/stm32h7xx_hal_cortex.c.obj
                0x000000000800105c                HAL_NVIC_SetPriorityGrouping
 .text.HAL_NVIC_SetPriority
                0x0000000008001080       0x64 CMakeFiles/NUCLEOH7_CMAKE.dir/Drivers/STM32H7xx_HAL_Driver/Src/stm32h7xx_hal_cortex.c.obj
                0x0000000008001080                HAL_NVIC_SetPriority
 .text.HAL_NVIC_EnableIRQ
                0x00000000080010e4       0x1c CMakeFiles/NUCLEOH7_CMAKE.dir/Drivers/STM32H7xx_HAL_Driver/Src/stm32h7xx_hal_cortex.c.obj
                0x00000000080010e4                HAL_NVIC_EnableIRQ
 .text.ETH_SetMACConfig
                0x0000000008001100      0x1b0 CMakeFiles/NUCLEOH7_CMAKE.dir/Drivers/STM32H7xx_HAL_Driver/Src/stm32h7xx_hal_eth.c.obj
 .text.ETH_SetDMAConfig
                0x00000000080012b0       0x98 CMakeFiles/NUCLEOH7_CMAKE.dir/Drivers/STM32H7xx_HAL_Driver/Src/stm32h7xx_hal_eth.c.obj
 .text.ETH_MACDMAConfig
                0x0000000008001348       0xdc CMakeFiles/NUCLEOH7_CMAKE.dir/Drivers/STM32H7xx_HAL_Driver/Src/stm32h7xx_hal_eth.c.obj
 .text.ETH_DMATxDescListInit
                0x0000000008001424       0x4e CMakeFiles/NUCLEOH7_CMAKE.dir/Drivers/STM32H7xx_HAL_Driver/Src/stm32h7xx_hal_eth.c.obj
 .text.ETH_DMARxDescListInit
                0x0000000008001472       0x60 CMakeFiles/NUCLEOH7_CMAKE.dir/Drivers/STM32H7xx_HAL_Driver/Src/stm32h7xx_hal_eth.c.obj
 *fill*         0x00000000080014d2        0x2 
 .text.ETH_MAC_MDIO_ClkConfig
                0x00000000080014d4       0x78 CMakeFiles/NUCLEOH7_CMAKE.dir/Drivers/STM32H7xx_HAL_Driver/Src/stm32h7xx_hal_eth.c.obj
 .text.HAL_ETH_Init
                0x000000000800154c      0x130 CMakeFiles/NUCLEOH7_CMAKE.dir/Drivers/STM32H7xx_HAL_Driver/Src/stm32h7xx_hal_eth.c.obj
                0x000000000800154c                HAL_ETH_Init
 .text.HAL_GPIO_Init
                0x000000000800167c      0x1e4 CMakeFiles/NUCLEOH7_CMAKE.dir/Drivers/STM32H7xx_HAL_Driver/Src/stm32h7xx_hal_gpio.c.obj
                0x000000000800167c                HAL_GPIO_Init
 .text.HAL_GPIO_WritePin
                0x0000000008001860        0xc CMakeFiles/NUCLEOH7_CMAKE.dir/Drivers/STM32H7xx_HAL_Driver/Src/stm32h7xx_hal_gpio.c.obj
                0x0000000008001860                HAL_GPIO_WritePin
 .text.HAL_GPIO_TogglePin
                0x000000000800186c       0x12 CMakeFiles/NUCLEOH7_CMAKE.dir/Drivers/STM32H7xx_HAL_Driver/Src/stm32h7xx_hal_gpio.c.obj
                0x000000000800186c                HAL_GPIO_TogglePin
 .text.HAL_PCD_Init
                0x000000000800187e      0x134 CMakeFiles/NUCLEOH7_CMAKE.dir/Drivers/STM32H7xx_HAL_Driver/Src/stm32h7xx_hal_pcd.c.obj
                0x000000000800187e                HAL_PCD_Init
 *fill*         0x00000000080019b2        0x2 
 .text.HAL_PCDEx_ActivateLPM
                0x00000000080019b4       0x28 CMakeFiles/NUCLEOH7_CMAKE.dir/Drivers/STM32H7xx_HAL_Driver/Src/stm32h7xx_hal_pcd_ex.c.obj
                0x00000000080019b4                HAL_PCDEx_ActivateLPM
 .text.HAL_PWREx_ConfigSupply
                0x00000000080019dc       0x54 CMakeFiles/NUCLEOH7_CMAKE.dir/Drivers/STM32H7xx_HAL_Driver/Src/stm32h7xx_hal_pwr_ex.c.obj
                0x00000000080019dc                HAL_PWREx_ConfigSupply
 .text.HAL_PWREx_EnableUSBVoltageDetector
                0x0000000008001a30       0x10 CMakeFiles/NUCLEOH7_CMAKE.dir/Drivers/STM32H7xx_HAL_Driver/Src/stm32h7xx_hal_pwr_ex.c.obj
                0x0000000008001a30                HAL_PWREx_EnableUSBVoltageDetector
 .text.HAL_RCC_OscConfig
                0x0000000008001a40      0x64c CMakeFiles/NUCLEOH7_CMAKE.dir/Drivers/STM32H7xx_HAL_Driver/Src/stm32h7xx_hal_rcc.c.obj
                0x0000000008001a40                HAL_RCC_OscConfig
 .text.HAL_RCC_GetSysClockFreq
                0x000000000800208c      0x1f4 CMakeFiles/NUCLEOH7_CMAKE.dir/Drivers/STM32H7xx_HAL_Driver/Src/stm32h7xx_hal_rcc.c.obj
                0x000000000800208c                HAL_RCC_GetSysClockFreq
 .text.HAL_RCC_ClockConfig
                0x0000000008002280      0x294 CMakeFiles/NUCLEOH7_CMAKE.dir/Drivers/STM32H7xx_HAL_Driver/Src/stm32h7xx_hal_rcc.c.obj
                0x0000000008002280                HAL_RCC_ClockConfig
 .text.HAL_RCC_GetHCLKFreq
                0x0000000008002514       0x44 CMakeFiles/NUCLEOH7_CMAKE.dir/Drivers/STM32H7xx_HAL_Driver/Src/stm32h7xx_hal_rcc.c.obj
                0x0000000008002514                HAL_RCC_GetHCLKFreq
 .text.HAL_RCC_GetPCLK1Freq
                0x0000000008002558       0x24 CMakeFiles/NUCLEOH7_CMAKE.dir/Drivers/STM32H7xx_HAL_Driver/Src/stm32h7xx_hal_rcc.c.obj
                0x0000000008002558                HAL_RCC_GetPCLK1Freq
 .text.HAL_RCC_GetPCLK2Freq
                0x000000000800257c       0x24 CMakeFiles/NUCLEOH7_CMAKE.dir/Drivers/STM32H7xx_HAL_Driver/Src/stm32h7xx_hal_rcc.c.obj
                0x000000000800257c                HAL_RCC_GetPCLK2Freq
 .text.HAL_RCC_GetClockConfig
                0x00000000080025a0       0x54 CMakeFiles/NUCLEOH7_CMAKE.dir/Drivers/STM32H7xx_HAL_Driver/Src/stm32h7xx_hal_rcc.c.obj
                0x00000000080025a0                HAL_RCC_GetClockConfig
 .text.RCCEx_PLL2_Config
                0x00000000080025f4      0x10c CMakeFiles/NUCLEOH7_CMAKE.dir/Drivers/STM32H7xx_HAL_Driver/Src/stm32h7xx_hal_rcc_ex.c.obj
 .text.RCCEx_PLL3_Config
                0x0000000008002700      0x10c CMakeFiles/NUCLEOH7_CMAKE.dir/Drivers/STM32H7xx_HAL_Driver/Src/stm32h7xx_hal_rcc_ex.c.obj
 .text.HAL_RCCEx_PeriphCLKConfig
                0x000000000800280c      0x9c4 CMakeFiles/NUCLEOH7_CMAKE.dir/Drivers/STM32H7xx_HAL_Driver/Src/stm32h7xx_hal_rcc_ex.c.obj
                0x000000000800280c                HAL_RCCEx_PeriphCLKConfig
 .text.HAL_RCCEx_GetD3PCLK1Freq
                0x00000000080031d0       0x24 CMakeFiles/NUCLEOH7_CMAKE.dir/Drivers/STM32H7xx_HAL_Driver/Src/stm32h7xx_hal_rcc_ex.c.obj
                0x00000000080031d0                HAL_RCCEx_GetD3PCLK1Freq
 .text.HAL_RCCEx_GetPLL2ClockFreq
                0x00000000080031f4      0x1fc CMakeFiles/NUCLEOH7_CMAKE.dir/Drivers/STM32H7xx_HAL_Driver/Src/stm32h7xx_hal_rcc_ex.c.obj
                0x00000000080031f4                HAL_RCCEx_GetPLL2ClockFreq
 .text.HAL_RCCEx_GetPLL3ClockFreq
                0x00000000080033f0      0x1fc CMakeFiles/NUCLEOH7_CMAKE.dir/Drivers/STM32H7xx_HAL_Driver/Src/stm32h7xx_hal_rcc_ex.c.obj
                0x00000000080033f0                HAL_RCCEx_GetPLL3ClockFreq
 .text.HAL_TIM_Base_MspInit
                0x00000000080035ec        0x2 CMakeFiles/NUCLEOH7_CMAKE.dir/Drivers/STM32H7xx_HAL_Driver/Src/stm32h7xx_hal_tim.c.obj
                0x00000000080035ec                HAL_TIM_Base_MspInit
 *fill*         0x00000000080035ee        0x2 
 .text.HAL_TIM_Base_Start_IT
                0x00000000080035f0       0x88 CMakeFiles/NUCLEOH7_CMAKE.dir/Drivers/STM32H7xx_HAL_Driver/Src/stm32h7xx_hal_tim.c.obj
                0x00000000080035f0                HAL_TIM_Base_Start_IT
 .text.HAL_TIM_OC_DelayElapsedCallback
                0x0000000008003678        0x2 CMakeFiles/NUCLEOH7_CMAKE.dir/Drivers/STM32H7xx_HAL_Driver/Src/stm32h7xx_hal_tim.c.obj
                0x0000000008003678                HAL_TIM_OC_DelayElapsedCallback
 .text.HAL_TIM_IC_CaptureCallback
                0x000000000800367a        0x2 CMakeFiles/NUCLEOH7_CMAKE.dir/Drivers/STM32H7xx_HAL_Driver/Src/stm32h7xx_hal_tim.c.obj
                0x000000000800367a                HAL_TIM_IC_CaptureCallback
 .text.HAL_TIM_PWM_PulseFinishedCallback
                0x000000000800367c        0x2 CMakeFiles/NUCLEOH7_CMAKE.dir/Drivers/STM32H7xx_HAL_Driver/Src/stm32h7xx_hal_tim.c.obj
                0x000000000800367c                HAL_TIM_PWM_PulseFinishedCallback
 .text.HAL_TIM_TriggerCallback
                0x000000000800367e        0x2 CMakeFiles/NUCLEOH7_CMAKE.dir/Drivers/STM32H7xx_HAL_Driver/Src/stm32h7xx_hal_tim.c.obj
                0x000000000800367e                HAL_TIM_TriggerCallback
 .text.HAL_TIM_IRQHandler
                0x0000000008003680      0x19a CMakeFiles/NUCLEOH7_CMAKE.dir/Drivers/STM32H7xx_HAL_Driver/Src/stm32h7xx_hal_tim.c.obj
                0x0000000008003680                HAL_TIM_IRQHandler
 *fill*         0x000000000800381a        0x2 
 .text.TIM_Base_SetConfig
                0x000000000800381c      0x100 CMakeFiles/NUCLEOH7_CMAKE.dir/Drivers/STM32H7xx_HAL_Driver/Src/stm32h7xx_hal_tim.c.obj
                0x000000000800381c                TIM_Base_SetConfig
 .text.HAL_TIM_Base_Init
                0x000000000800391c       0x60 CMakeFiles/NUCLEOH7_CMAKE.dir/Drivers/STM32H7xx_HAL_Driver/Src/stm32h7xx_hal_tim.c.obj
                0x000000000800391c                HAL_TIM_Base_Init
 .text.HAL_TIMEx_CommutCallback
                0x000000000800397c        0x2 CMakeFiles/NUCLEOH7_CMAKE.dir/Drivers/STM32H7xx_HAL_Driver/Src/stm32h7xx_hal_tim_ex.c.obj
                0x000000000800397c                HAL_TIMEx_CommutCallback
 .text.HAL_TIMEx_BreakCallback
                0x000000000800397e        0x2 CMakeFiles/NUCLEOH7_CMAKE.dir/Drivers/STM32H7xx_HAL_Driver/Src/stm32h7xx_hal_tim_ex.c.obj
                0x000000000800397e                HAL_TIMEx_BreakCallback
 .text.HAL_TIMEx_Break2Callback
                0x0000000008003980        0x2 CMakeFiles/NUCLEOH7_CMAKE.dir/Drivers/STM32H7xx_HAL_Driver/Src/stm32h7xx_hal_tim_ex.c.obj
                0x0000000008003980                HAL_TIMEx_Break2Callback
 *fill*         0x0000000008003982        0x2 
 .text.UART_SetConfig
                0x0000000008003984      0x5fc CMakeFiles/NUCLEOH7_CMAKE.dir/Drivers/STM32H7xx_HAL_Driver/Src/stm32h7xx_hal_uart.c.obj
                0x0000000008003984                UART_SetConfig
 .text.UART_AdvFeatureConfig
                0x0000000008003f80       0xca CMakeFiles/NUCLEOH7_CMAKE.dir/Drivers/STM32H7xx_HAL_Driver/Src/stm32h7xx_hal_uart.c.obj
                0x0000000008003f80                UART_AdvFeatureConfig
 .text.UART_WaitOnFlagUntilTimeout
                0x000000000800404a       0xac CMakeFiles/NUCLEOH7_CMAKE.dir/Drivers/STM32H7xx_HAL_Driver/Src/stm32h7xx_hal_uart.c.obj
                0x000000000800404a                UART_WaitOnFlagUntilTimeout
 .text.UART_CheckIdleState
                0x00000000080040f6       0x74 CMakeFiles/NUCLEOH7_CMAKE.dir/Drivers/STM32H7xx_HAL_Driver/Src/stm32h7xx_hal_uart.c.obj
                0x00000000080040f6                UART_CheckIdleState
 .text.HAL_UART_Init
                0x000000000800416a       0x66 CMakeFiles/NUCLEOH7_CMAKE.dir/Drivers/STM32H7xx_HAL_Driver/Src/stm32h7xx_hal_uart.c.obj
                0x000000000800416a                HAL_UART_Init
 .text.UARTEx_SetNbDataToProcess
                0x00000000080041d0       0x4c CMakeFiles/NUCLEOH7_CMAKE.dir/Drivers/STM32H7xx_HAL_Driver/Src/stm32h7xx_hal_uart_ex.c.obj
 .text.HAL_UARTEx_DisableFifoMode
                0x000000000800421c       0x3e CMakeFiles/NUCLEOH7_CMAKE.dir/Drivers/STM32H7xx_HAL_Driver/Src/stm32h7xx_hal_uart_ex.c.obj
                0x000000000800421c                HAL_UARTEx_DisableFifoMode
 .text.HAL_UARTEx_SetTxFifoThreshold
                0x000000000800425a       0x4a CMakeFiles/NUCLEOH7_CMAKE.dir/Drivers/STM32H7xx_HAL_Driver/Src/stm32h7xx_hal_uart_ex.c.obj
                0x000000000800425a                HAL_UARTEx_SetTxFifoThreshold
 .text.HAL_UARTEx_SetRxFifoThreshold
                0x00000000080042a4       0x4a CMakeFiles/NUCLEOH7_CMAKE.dir/Drivers/STM32H7xx_HAL_Driver/Src/stm32h7xx_hal_uart_ex.c.obj
                0x00000000080042a4                HAL_UARTEx_SetRxFifoThreshold
 *fill*         0x00000000080042ee        0x2 
 .text.USB_CoreReset
                0x00000000080042f0       0x3c CMakeFiles/NUCLEOH7_CMAKE.dir/Drivers/STM32H7xx_HAL_Driver/Src/stm32h7xx_ll_usb.c.obj
 .text.USB_CoreInit
                0x000000000800432c       0x9c CMakeFiles/NUCLEOH7_CMAKE.dir/Drivers/STM32H7xx_HAL_Driver/Src/stm32h7xx_ll_usb.c.obj
                0x000000000800432c                USB_CoreInit
 .text.USB_DisableGlobalInt
                0x00000000080043c8        0xc CMakeFiles/NUCLEOH7_CMAKE.dir/Drivers/STM32H7xx_HAL_Driver/Src/stm32h7xx_ll_usb.c.obj
                0x00000000080043c8                USB_DisableGlobalInt
 .text.USB_SetCurrentMode
                0x00000000080043d4       0x30 CMakeFiles/NUCLEOH7_CMAKE.dir/Drivers/STM32H7xx_HAL_Driver/Src/stm32h7xx_ll_usb.c.obj
                0x00000000080043d4                USB_SetCurrentMode
 .text.USB_FlushTxFifo
                0x0000000008004404       0x28 CMakeFiles/NUCLEOH7_CMAKE.dir/Drivers/STM32H7xx_HAL_Driver/Src/stm32h7xx_ll_usb.c.obj
                0x0000000008004404                USB_FlushTxFifo
 .text.USB_FlushRxFifo
                0x000000000800442c       0x24 CMakeFiles/NUCLEOH7_CMAKE.dir/Drivers/STM32H7xx_HAL_Driver/Src/stm32h7xx_ll_usb.c.obj
                0x000000000800442c                USB_FlushRxFifo
 .text.USB_SetDevSpeed
                0x0000000008004450        0xe CMakeFiles/NUCLEOH7_CMAKE.dir/Drivers/STM32H7xx_HAL_Driver/Src/stm32h7xx_ll_usb.c.obj
                0x0000000008004450                USB_SetDevSpeed
 *fill*         0x000000000800445e        0x2 
 .text.USB_DevInit
                0x0000000008004460      0x190 CMakeFiles/NUCLEOH7_CMAKE.dir/Drivers/STM32H7xx_HAL_Driver/Src/stm32h7xx_ll_usb.c.obj
                0x0000000008004460                USB_DevInit
 .text.USB_DevDisconnect
                0x00000000080045f0       0x1c CMakeFiles/NUCLEOH7_CMAKE.dir/Drivers/STM32H7xx_HAL_Driver/Src/stm32h7xx_ll_usb.c.obj
                0x00000000080045f0                USB_DevDisconnect
 .text.Reset_Handler
                0x000000000800460c       0x50 CMakeFiles/NUCLEOH7_CMAKE.dir/startup_stm32h743xx.s.obj
                0x000000000800460c                Reset_Handler
 .text.Default_Handler
                0x000000000800465c        0x2 CMakeFiles/NUCLEOH7_CMAKE.dir/startup_stm32h743xx.s.obj
                0x000000000800465c                RTC_Alarm_IRQHandler
                0x000000000800465c                EXTI2_IRQHandler
                0x000000000800465c                TIM8_CC_IRQHandler
                0x000000000800465c                HRTIM1_Master_IRQHandler
                0x000000000800465c                UART8_IRQHandler
                0x000000000800465c                SPI4_IRQHandler
                0x000000000800465c                TIM1_CC_IRQHandler
                0x000000000800465c                BDMA_Channel6_IRQHandler
                0x000000000800465c                DMA2_Stream5_IRQHandler
                0x000000000800465c                HRTIM1_FLT_IRQHandler
                0x000000000800465c                JPEG_IRQHandler
                0x000000000800465c                DMA1_Stream5_IRQHandler
                0x000000000800465c                SysTick_Handler
                0x000000000800465c                BDMA_Channel1_IRQHandler
                0x000000000800465c                HRTIM1_TIMD_IRQHandler
                0x000000000800465c                TAMP_STAMP_IRQHandler
                0x000000000800465c                PendSV_Handler
                0x000000000800465c                EXTI3_IRQHandler
                0x000000000800465c                LPTIM4_IRQHandler
                0x000000000800465c                TIM8_TRG_COM_TIM14_IRQHandler
                0x000000000800465c                LPTIM2_IRQHandler
                0x000000000800465c                DFSDM1_FLT1_IRQHandler
                0x000000000800465c                DMAMUX2_OVR_IRQHandler
                0x000000000800465c                TIM8_UP_TIM13_IRQHandler
                0x000000000800465c                I2C3_ER_IRQHandler
                0x000000000800465c                DFSDM1_FLT2_IRQHandler
                0x000000000800465c                MDMA_IRQHandler
                0x000000000800465c                LPTIM3_IRQHandler
                0x000000000800465c                HSEM1_IRQHandler
                0x000000000800465c                EXTI0_IRQHandler
                0x000000000800465c                I2C2_EV_IRQHandler
                0x000000000800465c                DMA1_Stream2_IRQHandler
                0x000000000800465c                FPU_IRQHandler
                0x000000000800465c                OTG_HS_WKUP_IRQHandler
                0x000000000800465c                FDCAN1_IT1_IRQHandler
                0x000000000800465c                LTDC_ER_IRQHandler
                0x000000000800465c                DMA2_Stream2_IRQHandler
                0x000000000800465c                HRTIM1_TIME_IRQHandler
                0x000000000800465c                SPI1_IRQHandler
                0x000000000800465c                DCMI_IRQHandler
                0x000000000800465c                HRTIM1_TIMC_IRQHandler
                0x000000000800465c                DMA2_Stream3_IRQHandler
                0x000000000800465c                SAI2_IRQHandler
                0x000000000800465c                DFSDM1_FLT3_IRQHandler
                0x000000000800465c                USART6_IRQHandler
                0x000000000800465c                TIM17_IRQHandler
                0x000000000800465c                USART3_IRQHandler
                0x000000000800465c                BDMA_Channel7_IRQHandler
                0x000000000800465c                LPTIM5_IRQHandler
                0x000000000800465c                UART5_IRQHandler
                0x000000000800465c                ADC3_IRQHandler
                0x000000000800465c                DMA2_Stream0_IRQHandler
                0x000000000800465c                TIM4_IRQHandler
                0x000000000800465c                BDMA_Channel2_IRQHandler
                0x000000000800465c                QUADSPI_IRQHandler
                0x000000000800465c                I2C1_EV_IRQHandler
                0x000000000800465c                DMA1_Stream6_IRQHandler
                0x000000000800465c                DMAMUX1_OVR_IRQHandler
                0x000000000800465c                DMA1_Stream1_IRQHandler
                0x000000000800465c                TIM16_IRQHandler
                0x000000000800465c                UART4_IRQHandler
                0x000000000800465c                BDMA_Channel5_IRQHandler
                0x000000000800465c                TIM3_IRQHandler
                0x000000000800465c                RCC_IRQHandler
                0x000000000800465c                TIM8_BRK_TIM12_IRQHandler
                0x000000000800465c                TIM1_TRG_COM_IRQHandler
                0x000000000800465c                Default_Handler
                0x000000000800465c                ECC_IRQHandler
                0x000000000800465c                CEC_IRQHandler
                0x000000000800465c                EXTI15_10_IRQHandler
                0x000000000800465c                BDMA_Channel0_IRQHandler
                0x000000000800465c                ADC_IRQHandler
                0x000000000800465c                DMA1_Stream7_IRQHandler
                0x000000000800465c                HRTIM1_TIMA_IRQHandler
                0x000000000800465c                SPI5_IRQHandler
                0x000000000800465c                TIM7_IRQHandler
                0x000000000800465c                SDMMC1_IRQHandler
                0x000000000800465c                TIM5_IRQHandler
                0x000000000800465c                DMA2_Stream7_IRQHandler
                0x000000000800465c                TIM15_IRQHandler
                0x000000000800465c                PVD_AVD_IRQHandler
                0x000000000800465c                I2C3_EV_IRQHandler
                0x000000000800465c                EXTI9_5_IRQHandler
                0x000000000800465c                RTC_WKUP_IRQHandler
                0x000000000800465c                LTDC_IRQHandler
                0x000000000800465c                SAI3_IRQHandler
                0x000000000800465c                ETH_WKUP_IRQHandler
                0x000000000800465c                SPDIF_RX_IRQHandler
                0x000000000800465c                SPI2_IRQHandler
                0x000000000800465c                OTG_HS_EP1_IN_IRQHandler
                0x000000000800465c                DMA1_Stream0_IRQHandler
                0x000000000800465c                SVC_Handler
                0x000000000800465c                CRS_IRQHandler
                0x000000000800465c                EXTI4_IRQHandler
                0x000000000800465c                RNG_IRQHandler
                0x000000000800465c                HRTIM1_TIMB_IRQHandler
                0x000000000800465c                FDCAN2_IT1_IRQHandler
                0x000000000800465c                ETH_IRQHandler
                0x000000000800465c                TIM1_UP_IRQHandler
                0x000000000800465c                BDMA_Channel4_IRQHandler
                0x000000000800465c                OTG_HS_EP1_OUT_IRQHandler
                0x000000000800465c                WWDG_IRQHandler
                0x000000000800465c                SPI6_IRQHandler
                0x000000000800465c                MDIOS_IRQHandler
                0x000000000800465c                I2C4_EV_IRQHandler
                0x000000000800465c                FDCAN2_IT0_IRQHandler
                0x000000000800465c                LPUART1_IRQHandler
                0x000000000800465c                FDCAN1_IT0_IRQHandler
                0x000000000800465c                TIM2_IRQHandler
                0x000000000800465c                OTG_FS_WKUP_IRQHandler
                0x000000000800465c                OTG_HS_IRQHandler
                0x000000000800465c                DMA2D_IRQHandler
                0x000000000800465c                TIM1_BRK_IRQHandler
                0x000000000800465c                EXTI1_IRQHandler
                0x000000000800465c                SDMMC2_IRQHandler
                0x000000000800465c                OTG_FS_EP1_OUT_IRQHandler
                0x000000000800465c                BDMA_Channel3_IRQHandler
                0x000000000800465c                UART7_IRQHandler
                0x000000000800465c                MDIOS_WKUP_IRQHandler
                0x000000000800465c                USART2_IRQHandler
                0x000000000800465c                DFSDM1_FLT0_IRQHandler
                0x000000000800465c                SAI4_IRQHandler
                0x000000000800465c                I2C2_ER_IRQHandler
                0x000000000800465c                DMA2_Stream1_IRQHandler
                0x000000000800465c                FLASH_IRQHandler
                0x000000000800465c                DMA2_Stream4_IRQHandler
                0x000000000800465c                USART1_IRQHandler
                0x000000000800465c                OTG_FS_IRQHandler
                0x000000000800465c                SPI3_IRQHandler
                0x000000000800465c                WAKEUP_PIN_IRQHandler
                0x000000000800465c                DMA1_Stream4_IRQHandler
                0x000000000800465c                OTG_FS_EP1_IN_IRQHandler
                0x000000000800465c                I2C1_ER_IRQHandler
                0x000000000800465c                FMC_IRQHandler
                0x000000000800465c                FDCAN_CAL_IRQHandler
                0x000000000800465c                SWPMI1_IRQHandler
                0x000000000800465c                COMP1_IRQHandler
                0x000000000800465c                LPTIM1_IRQHandler
                0x000000000800465c                I2C4_ER_IRQHandler
                0x000000000800465c                DMA2_Stream6_IRQHandler
                0x000000000800465c                SAI1_IRQHandler
                0x000000000800465c                DMA1_Stream3_IRQHandler
 *(.glue_7)
 .glue_7        0x000000000800465e        0x0 linker stubs
 *(.glue_7t)
 .glue_7t       0x000000000800465e        0x0 linker stubs
 *(.eh_frame)
 *fill*         0x000000000800465e        0x2 
 .eh_frame      0x0000000008004660        0x0 /usr/lib/gcc/arm-none-eabi/9.2.1/thumb/v7e-m+fp/hard/crtbegin.o
 *(.init)
 .init          0x0000000008004660        0x4 /usr/lib/gcc/arm-none-eabi/9.2.1/thumb/v7e-m+fp/hard/crti.o
                0x0000000008004660                _init
 .init          0x0000000008004664        0x8 /usr/lib/gcc/arm-none-eabi/9.2.1/thumb/v7e-m+fp/hard/crtn.o
 *(.fini)
 .fini          0x000000000800466c        0x4 /usr/lib/gcc/arm-none-eabi/9.2.1/thumb/v7e-m+fp/hard/crti.o
                0x000000000800466c                _fini
 .fini          0x0000000008004670        0x8 /usr/lib/gcc/arm-none-eabi/9.2.1/thumb/v7e-m+fp/hard/crtn.o
                0x0000000008004678                . = ALIGN (0x4)
                0x0000000008004678                _etext = .

.vfp11_veneer   0x0000000008004678        0x0
 .vfp11_veneer  0x0000000008004678        0x0 linker stubs

.v4_bx          0x0000000008004678        0x0
 .v4_bx         0x0000000008004678        0x0 linker stubs

.iplt           0x0000000008004678        0x0
 .iplt          0x0000000008004678        0x0 /usr/lib/gcc/arm-none-eabi/9.2.1/thumb/v7e-m+fp/hard/crtbegin.o

.rodata         0x0000000008004678       0xec
                0x0000000008004678                . = ALIGN (0x4)
 *(.rodata)
 *(.rodata*)
 .rodata.str1.4
                0x0000000008004678        0xc CMakeFiles/NUCLEOH7_CMAKE.dir/Core/Src/freertos.c.obj
 .rodata.defaultTask_attributes
                0x0000000008004684       0x24 CMakeFiles/NUCLEOH7_CMAKE.dir/Core/Src/freertos.c.obj
                0x0000000008004684                defaultTask_attributes
 .rodata.str1.4
                0x00000000080046a8       0x18 CMakeFiles/NUCLEOH7_CMAKE.dir/Core/Src/main.c.obj
 .rodata.Blink01_attributes
                0x00000000080046c0       0x24 CMakeFiles/NUCLEOH7_CMAKE.dir/Core/Src/main.c.obj
                0x00000000080046c0                Blink01_attributes
 .rodata.Blink02_attributes
                0x00000000080046e4       0x24 CMakeFiles/NUCLEOH7_CMAKE.dir/Core/Src/main.c.obj
                0x00000000080046e4                Blink02_attributes
 .rodata.Blink03_attributes
                0x0000000008004708       0x24 CMakeFiles/NUCLEOH7_CMAKE.dir/Core/Src/main.c.obj
                0x0000000008004708                Blink03_attributes
 .rodata.D1CorePrescTable
                0x000000000800472c       0x10 CMakeFiles/NUCLEOH7_CMAKE.dir/Core/Src/system_stm32h7xx.c.obj
                0x000000000800472c                D1CorePrescTable
 .rodata.UARTPrescTable
                0x000000000800473c       0x18 CMakeFiles/NUCLEOH7_CMAKE.dir/Drivers/STM32H7xx_HAL_Driver/Src/stm32h7xx_hal_uart.c.obj
                0x000000000800473c                UARTPrescTable
 .rodata.denominator.11675
                0x0000000008004754        0x8 CMakeFiles/NUCLEOH7_CMAKE.dir/Drivers/STM32H7xx_HAL_Driver/Src/stm32h7xx_hal_uart_ex.c.obj
 .rodata.numerator.11674
                0x000000000800475c        0x8 CMakeFiles/NUCLEOH7_CMAKE.dir/Drivers/STM32H7xx_HAL_Driver/Src/stm32h7xx_hal_uart_ex.c.obj
                0x0000000008004764                . = ALIGN (0x4)

.ARM.extab
 *(.ARM.extab* .gnu.linkonce.armextab.*)

.ARM            0x0000000008004764        0x8
                0x0000000008004764                __exidx_start = .
 *(.ARM.exidx*)
 .ARM.exidx     0x0000000008004764        0x8 /usr/lib/gcc/arm-none-eabi/9.2.1/thumb/v7e-m+fp/hard/libgcc.a(_udivmoddi4.o)
                0x000000000800476c                __exidx_end = .

.rel.dyn        0x000000000800476c        0x0
 .rel.iplt      0x000000000800476c        0x0 /usr/lib/gcc/arm-none-eabi/9.2.1/thumb/v7e-m+fp/hard/crtbegin.o

.preinit_array  0x000000000800476c        0x0
                0x000000000800476c                PROVIDE (__preinit_array_start = .)
 *(.preinit_array*)
                0x000000000800476c                PROVIDE (__preinit_array_end = .)

.init_array     0x000000000800476c        0x4
                0x000000000800476c                PROVIDE (__init_array_start = .)
 *(SORT_BY_NAME(.init_array.*))
 *(.init_array*)
 .init_array    0x000000000800476c        0x4 /usr/lib/gcc/arm-none-eabi/9.2.1/thumb/v7e-m+fp/hard/crtbegin.o
                0x0000000008004770                PROVIDE (__init_array_end = .)

.fini_array     0x0000000008004770        0x4
                0x0000000008004770                PROVIDE (__fini_array_start = .)
 *(SORT_BY_NAME(.fini_array.*))
 *(.fini_array*)
 .fini_array    0x0000000008004770        0x4 /usr/lib/gcc/arm-none-eabi/9.2.1/thumb/v7e-m+fp/hard/crtbegin.o
                0x0000000008004774                PROVIDE (__fini_array_end = .)
                0x0000000008004774                _sidata = LOADADDR (.data)

.data           0x0000000020000000       0x10 load address 0x0000000008004774
                0x0000000020000000                . = ALIGN (0x4)
                0x0000000020000000                _sdata = .
 *(.data)
 *(.data*)
 .data.SystemCoreClock
                0x0000000020000000        0x4 CMakeFiles/NUCLEOH7_CMAKE.dir/Core/Src/system_stm32h7xx.c.obj
                0x0000000020000000                SystemCoreClock
 .data.SystemD2Clock
                0x0000000020000004        0x4 CMakeFiles/NUCLEOH7_CMAKE.dir/Core/Src/system_stm32h7xx.c.obj
                0x0000000020000004                SystemD2Clock
 .data.uwTickFreq
                0x0000000020000008        0x1 CMakeFiles/NUCLEOH7_CMAKE.dir/Drivers/STM32H7xx_HAL_Driver/Src/stm32h7xx_hal.c.obj
                0x0000000020000008                uwTickFreq
 *fill*         0x0000000020000009        0x3 
 .data.uwTickPrio
                0x000000002000000c        0x4 CMakeFiles/NUCLEOH7_CMAKE.dir/Drivers/STM32H7xx_HAL_Driver/Src/stm32h7xx_hal.c.obj
                0x000000002000000c                uwTickPrio
                0x0000000020000010                . = ALIGN (0x4)
                0x0000000020000010                _edata = .

.tm_clone_table
                0x0000000020000010        0x0 load address 0x0000000008004784
 .tm_clone_table
                0x0000000020000010        0x0 /usr/lib/gcc/arm-none-eabi/9.2.1/thumb/v7e-m+fp/hard/crtbegin.o
 .tm_clone_table
                0x0000000020000010        0x0 /usr/lib/gcc/arm-none-eabi/9.2.1/thumb/v7e-m+fp/hard/crtend.o

.igot.plt       0x0000000020000010        0x0 load address 0x0000000008004784
 .igot.plt      0x0000000020000010        0x0 /usr/lib/gcc/arm-none-eabi/9.2.1/thumb/v7e-m+fp/hard/crtbegin.o

.RxDecripSection
                0x0000000020000010       0x60 load address 0x0000000008004784
 .RxDecripSection
                0x0000000020000010       0x60 CMakeFiles/NUCLEOH7_CMAKE.dir/Core/Src/eth.c.obj
                0x0000000020000010                DMARxDscrTab

.TxDecripSection
                0x0000000020000070       0x60 load address 0x00000000080047e4
 .TxDecripSection
                0x0000000020000070       0x60 CMakeFiles/NUCLEOH7_CMAKE.dir/Core/Src/eth.c.obj
                0x0000000020000070                DMATxDscrTab
                0x00000000200000d0                . = ALIGN (0x4)

.bss            0x00000000200000d0      0x5d8 load address 0x0000000008004844
                0x00000000200000d0                _sbss = .
                0x00000000200000d0                __bss_start__ = _sbss
 *(.bss)
 .bss           0x00000000200000d0       0x1c /usr/lib/gcc/arm-none-eabi/9.2.1/thumb/v7e-m+fp/hard/crtbegin.o
 *(.bss*)
 .bss.MACAddr.11798
                0x00000000200000ec        0x6 CMakeFiles/NUCLEOH7_CMAKE.dir/Core/Src/eth.c.obj
 *(COMMON)
 *fill*         0x00000000200000f2        0x2 
 COMMON         0x00000000200000f4       0xbc CMakeFiles/NUCLEOH7_CMAKE.dir/Core/Src/eth.c.obj
                0x00000000200000f4                heth
                0x000000002000017c                TxConfig
 COMMON         0x00000000200001b0        0x4 CMakeFiles/NUCLEOH7_CMAKE.dir/Core/Src/freertos.c.obj
                0x00000000200001b0                defaultTaskHandle
 COMMON         0x00000000200001b4        0xc CMakeFiles/NUCLEOH7_CMAKE.dir/Core/Src/main.c.obj
                0x00000000200001b4                Blink02Handle
                0x00000000200001b8                Blink03Handle
                0x00000000200001bc                Blink01Handle
 COMMON         0x00000000200001c0       0x4c CMakeFiles/NUCLEOH7_CMAKE.dir/Core/Src/stm32h7xx_hal_timebase_tim.c.obj
                0x00000000200001c0                htim6
 COMMON         0x000000002000020c       0x90 CMakeFiles/NUCLEOH7_CMAKE.dir/Core/Src/usart.c.obj
                0x000000002000020c                huart3
 COMMON         0x000000002000029c      0x408 CMakeFiles/NUCLEOH7_CMAKE.dir/Core/Src/usb_otg.c.obj
                0x000000002000029c                hpcd_USB_OTG_FS
 COMMON         0x00000000200006a4        0x4 CMakeFiles/NUCLEOH7_CMAKE.dir/Drivers/STM32H7xx_HAL_Driver/Src/stm32h7xx_hal.c.obj
                0x00000000200006a4                uwTick
                0x00000000200006a8                . = ALIGN (0x4)
                0x00000000200006a8                _ebss = .
                0x00000000200006a8                __bss_end__ = _ebss

._user_heap_stack
                0x00000000200006a8      0x600 load address 0x0000000008004844
                0x00000000200006a8                . = ALIGN (0x8)
                [!provide]                        PROVIDE (end = .)
                [!provide]                        PROVIDE (_end = .)
                0x00000000200008a8                . = (. + _Min_Heap_Size)
 *fill*         0x00000000200006a8      0x200 
                0x0000000020000ca8                . = (. + _Min_Stack_Size)
 *fill*         0x00000000200008a8      0x400 
                0x0000000020000ca8                . = ALIGN (0x8)

/DISCARD/
 libc.a(*)
 libm.a(*)
 libgcc.a(*)

.ARM.attributes
                0x0000000000000000       0x30
 *(.ARM.attributes)
 .ARM.attributes
                0x0000000000000000       0x1e /usr/lib/gcc/arm-none-eabi/9.2.1/thumb/v7e-m+fp/hard/crti.o
 .ARM.attributes
                0x000000000000001e       0x34 /usr/lib/gcc/arm-none-eabi/9.2.1/thumb/v7e-m+fp/hard/crtbegin.o
 .ARM.attributes
                0x0000000000000052       0x34 /usr/lib/gcc/arm-none-eabi/9.2.1/../../../arm-none-eabi/lib/thumb/v7e-m+fp/hard/libc_nano.a(lib_a-init.o)
 .ARM.attributes
                0x0000000000000086       0x34 /usr/lib/gcc/arm-none-eabi/9.2.1/../../../arm-none-eabi/lib/thumb/v7e-m+fp/hard/libc_nano.a(lib_a-memset.o)
 .ARM.attributes
                0x00000000000000ba       0x34 CMakeFiles/NUCLEOH7_CMAKE.dir/Core/Src/eth.c.obj
 .ARM.attributes
                0x00000000000000ee       0x34 CMakeFiles/NUCLEOH7_CMAKE.dir/Core/Src/freertos.c.obj
 .ARM.attributes
                0x0000000000000122       0x34 CMakeFiles/NUCLEOH7_CMAKE.dir/Core/Src/gpio.c.obj
 .ARM.attributes
                0x0000000000000156       0x34 CMakeFiles/NUCLEOH7_CMAKE.dir/Core/Src/main.c.obj
 .ARM.attributes
                0x000000000000018a       0x34 CMakeFiles/NUCLEOH7_CMAKE.dir/Core/Src/stm32h7xx_hal_msp.c.obj
 .ARM.attributes
                0x00000000000001be       0x34 CMakeFiles/NUCLEOH7_CMAKE.dir/Core/Src/stm32h7xx_hal_timebase_tim.c.obj
 .ARM.attributes
                0x00000000000001f2       0x34 CMakeFiles/NUCLEOH7_CMAKE.dir/Core/Src/stm32h7xx_it.c.obj
 .ARM.attributes
                0x0000000000000226       0x34 CMakeFiles/NUCLEOH7_CMAKE.dir/Core/Src/system_stm32h7xx.c.obj
 .ARM.attributes
                0x000000000000025a       0x34 CMakeFiles/NUCLEOH7_CMAKE.dir/Core/Src/usart.c.obj
 .ARM.attributes
                0x000000000000028e       0x34 CMakeFiles/NUCLEOH7_CMAKE.dir/Core/Src/usb_otg.c.obj
 .ARM.attributes
                0x00000000000002c2       0x34 CMakeFiles/NUCLEOH7_CMAKE.dir/Drivers/STM32H7xx_HAL_Driver/Src/stm32h7xx_hal.c.obj
 .ARM.attributes
                0x00000000000002f6       0x34 CMakeFiles/NUCLEOH7_CMAKE.dir/Drivers/STM32H7xx_HAL_Driver/Src/stm32h7xx_hal_cortex.c.obj
 .ARM.attributes
                0x000000000000032a       0x34 CMakeFiles/NUCLEOH7_CMAKE.dir/Drivers/STM32H7xx_HAL_Driver/Src/stm32h7xx_hal_eth.c.obj
 .ARM.attributes
                0x000000000000035e       0x34 CMakeFiles/NUCLEOH7_CMAKE.dir/Drivers/STM32H7xx_HAL_Driver/Src/stm32h7xx_hal_gpio.c.obj
 .ARM.attributes
                0x0000000000000392       0x34 CMakeFiles/NUCLEOH7_CMAKE.dir/Drivers/STM32H7xx_HAL_Driver/Src/stm32h7xx_hal_pcd.c.obj
 .ARM.attributes
                0x00000000000003c6       0x34 CMakeFiles/NUCLEOH7_CMAKE.dir/Drivers/STM32H7xx_HAL_Driver/Src/stm32h7xx_hal_pcd_ex.c.obj
 .ARM.attributes
                0x00000000000003fa       0x34 CMakeFiles/NUCLEOH7_CMAKE.dir/Drivers/STM32H7xx_HAL_Driver/Src/stm32h7xx_hal_pwr_ex.c.obj
 .ARM.attributes
                0x000000000000042e       0x34 CMakeFiles/NUCLEOH7_CMAKE.dir/Drivers/STM32H7xx_HAL_Driver/Src/stm32h7xx_hal_rcc.c.obj
 .ARM.attributes
                0x0000000000000462       0x34 CMakeFiles/NUCLEOH7_CMAKE.dir/Drivers/STM32H7xx_HAL_Driver/Src/stm32h7xx_hal_rcc_ex.c.obj
 .ARM.attributes
                0x0000000000000496       0x34 CMakeFiles/NUCLEOH7_CMAKE.dir/Drivers/STM32H7xx_HAL_Driver/Src/stm32h7xx_hal_tim.c.obj
 .ARM.attributes
                0x00000000000004ca       0x34 CMakeFiles/NUCLEOH7_CMAKE.dir/Drivers/STM32H7xx_HAL_Driver/Src/stm32h7xx_hal_tim_ex.c.obj
 .ARM.attributes
                0x00000000000004fe       0x34 CMakeFiles/NUCLEOH7_CMAKE.dir/Drivers/STM32H7xx_HAL_Driver/Src/stm32h7xx_hal_uart.c.obj
 .ARM.attributes
                0x0000000000000532       0x34 CMakeFiles/NUCLEOH7_CMAKE.dir/Drivers/STM32H7xx_HAL_Driver/Src/stm32h7xx_hal_uart_ex.c.obj
 .ARM.attributes
                0x0000000000000566       0x34 CMakeFiles/NUCLEOH7_CMAKE.dir/Drivers/STM32H7xx_HAL_Driver/Src/stm32h7xx_ll_usb.c.obj
 .ARM.attributes
                0x000000000000059a       0x21 CMakeFiles/NUCLEOH7_CMAKE.dir/startup_stm32h743xx.s.obj
 .ARM.attributes
                0x00000000000005bb       0x1e /usr/lib/gcc/arm-none-eabi/9.2.1/thumb/v7e-m+fp/hard/libgcc.a(_aeabi_uldivmod.o)
 .ARM.attributes
                0x00000000000005d9       0x34 /usr/lib/gcc/arm-none-eabi/9.2.1/thumb/v7e-m+fp/hard/libgcc.a(_udivmoddi4.o)
 .ARM.attributes
                0x000000000000060d       0x1e /usr/lib/gcc/arm-none-eabi/9.2.1/thumb/v7e-m+fp/hard/libgcc.a(_dvmd_tls.o)
 .ARM.attributes
                0x000000000000062b       0x32 /usr/lib/gcc/arm-none-eabi/9.2.1/thumb/v7e-m+fp/hard/crtend.o
 .ARM.attributes
                0x000000000000065d       0x1e /usr/lib/gcc/arm-none-eabi/9.2.1/thumb/v7e-m+fp/hard/crtn.o
OUTPUT(NUCLEOH7_CMAKE.elf elf32-littlearm)
LOAD linker stubs
LOAD /usr/lib/gcc/arm-none-eabi/9.2.1/../../../arm-none-eabi/lib/thumb/v7e-m+fp/hard/libc.a
LOAD /usr/lib/gcc/arm-none-eabi/9.2.1/../../../arm-none-eabi/lib/thumb/v7e-m+fp/hard/libm.a
LOAD /usr/lib/gcc/arm-none-eabi/9.2.1/thumb/v7e-m+fp/hard/libgcc.a

.comment        0x0000000000000000       0xa7
 .comment       0x0000000000000000       0x59 /usr/lib/gcc/arm-none-eabi/9.2.1/thumb/v7e-m+fp/hard/crtbegin.o
                                         0x5a (size before relaxing)
 .comment       0x0000000000000059       0x4e /usr/lib/gcc/arm-none-eabi/9.2.1/../../../arm-none-eabi/lib/thumb/v7e-m+fp/hard/libc_nano.a(lib_a-init.o)
                                         0x4f (size before relaxing)
 .comment       0x00000000000000a7       0x4f /usr/lib/gcc/arm-none-eabi/9.2.1/../../../arm-none-eabi/lib/thumb/v7e-m+fp/hard/libc_nano.a(lib_a-memset.o)
 .comment       0x00000000000000a7       0x5a CMakeFiles/NUCLEOH7_CMAKE.dir/Core/Src/eth.c.obj
 .comment       0x00000000000000a7       0x5a CMakeFiles/NUCLEOH7_CMAKE.dir/Core/Src/freertos.c.obj
 .comment       0x00000000000000a7       0x5a CMakeFiles/NUCLEOH7_CMAKE.dir/Core/Src/gpio.c.obj
 .comment       0x00000000000000a7       0x5a CMakeFiles/NUCLEOH7_CMAKE.dir/Core/Src/main.c.obj
 .comment       0x00000000000000a7       0x5a CMakeFiles/NUCLEOH7_CMAKE.dir/Core/Src/stm32h7xx_hal_msp.c.obj
 .comment       0x00000000000000a7       0x5a CMakeFiles/NUCLEOH7_CMAKE.dir/Core/Src/stm32h7xx_hal_timebase_tim.c.obj
 .comment       0x00000000000000a7       0x5a CMakeFiles/NUCLEOH7_CMAKE.dir/Core/Src/stm32h7xx_it.c.obj
 .comment       0x00000000000000a7       0x5a CMakeFiles/NUCLEOH7_CMAKE.dir/Core/Src/system_stm32h7xx.c.obj
 .comment       0x00000000000000a7       0x5a CMakeFiles/NUCLEOH7_CMAKE.dir/Core/Src/usart.c.obj
 .comment       0x00000000000000a7       0x5a CMakeFiles/NUCLEOH7_CMAKE.dir/Core/Src/usb_otg.c.obj
 .comment       0x00000000000000a7       0x5a CMakeFiles/NUCLEOH7_CMAKE.dir/Drivers/STM32H7xx_HAL_Driver/Src/stm32h7xx_hal.c.obj
 .comment       0x00000000000000a7       0x5a CMakeFiles/NUCLEOH7_CMAKE.dir/Drivers/STM32H7xx_HAL_Driver/Src/stm32h7xx_hal_cortex.c.obj
 .comment       0x00000000000000a7       0x5a CMakeFiles/NUCLEOH7_CMAKE.dir/Drivers/STM32H7xx_HAL_Driver/Src/stm32h7xx_hal_eth.c.obj
 .comment       0x00000000000000a7       0x5a CMakeFiles/NUCLEOH7_CMAKE.dir/Drivers/STM32H7xx_HAL_Driver/Src/stm32h7xx_hal_gpio.c.obj
 .comment       0x00000000000000a7       0x5a CMakeFiles/NUCLEOH7_CMAKE.dir/Drivers/STM32H7xx_HAL_Driver/Src/stm32h7xx_hal_pcd.c.obj
 .comment       0x00000000000000a7       0x5a CMakeFiles/NUCLEOH7_CMAKE.dir/Drivers/STM32H7xx_HAL_Driver/Src/stm32h7xx_hal_pcd_ex.c.obj
 .comment       0x00000000000000a7       0x5a CMakeFiles/NUCLEOH7_CMAKE.dir/Drivers/STM32H7xx_HAL_Driver/Src/stm32h7xx_hal_pwr_ex.c.obj
 .comment       0x00000000000000a7       0x5a CMakeFiles/NUCLEOH7_CMAKE.dir/Drivers/STM32H7xx_HAL_Driver/Src/stm32h7xx_hal_rcc.c.obj
 .comment       0x00000000000000a7       0x5a CMakeFiles/NUCLEOH7_CMAKE.dir/Drivers/STM32H7xx_HAL_Driver/Src/stm32h7xx_hal_rcc_ex.c.obj
 .comment       0x00000000000000a7       0x5a CMakeFiles/NUCLEOH7_CMAKE.dir/Drivers/STM32H7xx_HAL_Driver/Src/stm32h7xx_hal_tim.c.obj
 .comment       0x00000000000000a7       0x5a CMakeFiles/NUCLEOH7_CMAKE.dir/Drivers/STM32H7xx_HAL_Driver/Src/stm32h7xx_hal_tim_ex.c.obj
 .comment       0x00000000000000a7       0x5a CMakeFiles/NUCLEOH7_CMAKE.dir/Drivers/STM32H7xx_HAL_Driver/Src/stm32h7xx_hal_uart.c.obj
 .comment       0x00000000000000a7       0x5a CMakeFiles/NUCLEOH7_CMAKE.dir/Drivers/STM32H7xx_HAL_Driver/Src/stm32h7xx_hal_uart_ex.c.obj
 .comment       0x00000000000000a7       0x5a CMakeFiles/NUCLEOH7_CMAKE.dir/Drivers/STM32H7xx_HAL_Driver/Src/stm32h7xx_ll_usb.c.obj
 .comment       0x00000000000000a7       0x5a /usr/lib/gcc/arm-none-eabi/9.2.1/thumb/v7e-m+fp/hard/libgcc.a(_udivmoddi4.o)
 .comment       0x00000000000000a7       0x5a /usr/lib/gcc/arm-none-eabi/9.2.1/thumb/v7e-m+fp/hard/crtend.o

.debug_info     0x0000000000000000    0x32bc5
 .debug_info    0x0000000000000000      0x11a /usr/lib/gcc/arm-none-eabi/9.2.1/../../../arm-none-eabi/lib/thumb/v7e-m+fp/hard/libc_nano.a(lib_a-init.o)
 .debug_info    0x000000000000011a      0xf21 /usr/lib/gcc/arm-none-eabi/9.2.1/../../../arm-none-eabi/lib/thumb/v7e-m+fp/hard/libc_nano.a(lib_a-memset.o)
 .debug_info    0x000000000000103b     0x2213 CMakeFiles/NUCLEOH7_CMAKE.dir/Core/Src/eth.c.obj
 .debug_info    0x000000000000324e      0xdf8 CMakeFiles/NUCLEOH7_CMAKE.dir/Core/Src/freertos.c.obj
 .debug_info    0x0000000000004046     0x1222 CMakeFiles/NUCLEOH7_CMAKE.dir/Core/Src/gpio.c.obj
 .debug_info    0x0000000000005268     0x3371 CMakeFiles/NUCLEOH7_CMAKE.dir/Core/Src/main.c.obj
 .debug_info    0x00000000000085d9     0x12f5 CMakeFiles/NUCLEOH7_CMAKE.dir/Core/Src/stm32h7xx_hal_msp.c.obj
 .debug_info    0x00000000000098ce     0x1baf CMakeFiles/NUCLEOH7_CMAKE.dir/Core/Src/stm32h7xx_hal_timebase_tim.c.obj
 .debug_info    0x000000000000b47d     0x129a CMakeFiles/NUCLEOH7_CMAKE.dir/Core/Src/stm32h7xx_it.c.obj
 .debug_info    0x000000000000c717     0x1779 CMakeFiles/NUCLEOH7_CMAKE.dir/Core/Src/system_stm32h7xx.c.obj
 .debug_info    0x000000000000de90     0x1bb9 CMakeFiles/NUCLEOH7_CMAKE.dir/Core/Src/usart.c.obj
 .debug_info    0x000000000000fa49     0x19eb CMakeFiles/NUCLEOH7_CMAKE.dir/Core/Src/usb_otg.c.obj
 .debug_info    0x0000000000011434     0x208f CMakeFiles/NUCLEOH7_CMAKE.dir/Drivers/STM32H7xx_HAL_Driver/Src/stm32h7xx_hal.c.obj
 .debug_info    0x00000000000134c3     0x1e59 CMakeFiles/NUCLEOH7_CMAKE.dir/Drivers/STM32H7xx_HAL_Driver/Src/stm32h7xx_hal_cortex.c.obj
 .debug_info    0x000000000001531c     0x36f4 CMakeFiles/NUCLEOH7_CMAKE.dir/Drivers/STM32H7xx_HAL_Driver/Src/stm32h7xx_hal_eth.c.obj
 .debug_info    0x0000000000018a10     0x17ed CMakeFiles/NUCLEOH7_CMAKE.dir/Drivers/STM32H7xx_HAL_Driver/Src/stm32h7xx_hal_gpio.c.obj
 .debug_info    0x000000000001a1fd     0x2460 CMakeFiles/NUCLEOH7_CMAKE.dir/Drivers/STM32H7xx_HAL_Driver/Src/stm32h7xx_hal_pcd.c.obj
 .debug_info    0x000000000001c65d     0x1481 CMakeFiles/NUCLEOH7_CMAKE.dir/Drivers/STM32H7xx_HAL_Driver/Src/stm32h7xx_hal_pcd_ex.c.obj
 .debug_info    0x000000000001dade     0x1cb5 CMakeFiles/NUCLEOH7_CMAKE.dir/Drivers/STM32H7xx_HAL_Driver/Src/stm32h7xx_hal_pwr_ex.c.obj
 .debug_info    0x000000000001f793     0x1c31 CMakeFiles/NUCLEOH7_CMAKE.dir/Drivers/STM32H7xx_HAL_Driver/Src/stm32h7xx_hal_rcc.c.obj
 .debug_info    0x00000000000213c4     0x2428 CMakeFiles/NUCLEOH7_CMAKE.dir/Drivers/STM32H7xx_HAL_Driver/Src/stm32h7xx_hal_rcc_ex.c.obj
 .debug_info    0x00000000000237ec     0x47cb CMakeFiles/NUCLEOH7_CMAKE.dir/Drivers/STM32H7xx_HAL_Driver/Src/stm32h7xx_hal_tim.c.obj
 .debug_info    0x0000000000027fb7     0x27ec CMakeFiles/NUCLEOH7_CMAKE.dir/Drivers/STM32H7xx_HAL_Driver/Src/stm32h7xx_hal_tim_ex.c.obj
 .debug_info    0x000000000002a7a3     0x32df CMakeFiles/NUCLEOH7_CMAKE.dir/Drivers/STM32H7xx_HAL_Driver/Src/stm32h7xx_hal_uart.c.obj
 .debug_info    0x000000000002da82     0x198c CMakeFiles/NUCLEOH7_CMAKE.dir/Drivers/STM32H7xx_HAL_Driver/Src/stm32h7xx_hal_uart_ex.c.obj
 .debug_info    0x000000000002f40e     0x29cd CMakeFiles/NUCLEOH7_CMAKE.dir/Drivers/STM32H7xx_HAL_Driver/Src/stm32h7xx_ll_usb.c.obj
 .debug_info    0x0000000000031ddb       0x22 CMakeFiles/NUCLEOH7_CMAKE.dir/startup_stm32h743xx.s.obj
 .debug_info    0x0000000000031dfd       0x26 /usr/lib/gcc/arm-none-eabi/9.2.1/thumb/v7e-m+fp/hard/libgcc.a(_aeabi_uldivmod.o)
 .debug_info    0x0000000000031e23      0xd7c /usr/lib/gcc/arm-none-eabi/9.2.1/thumb/v7e-m+fp/hard/libgcc.a(_udivmoddi4.o)
 .debug_info    0x0000000000032b9f       0x26 /usr/lib/gcc/arm-none-eabi/9.2.1/thumb/v7e-m+fp/hard/libgcc.a(_dvmd_tls.o)

.debug_abbrev   0x0000000000000000     0x4d2c
 .debug_abbrev  0x0000000000000000       0xcc /usr/lib/gcc/arm-none-eabi/9.2.1/../../../arm-none-eabi/lib/thumb/v7e-m+fp/hard/libc_nano.a(lib_a-init.o)
 .debug_abbrev  0x00000000000000cc      0x1d9 /usr/lib/gcc/arm-none-eabi/9.2.1/../../../arm-none-eabi/lib/thumb/v7e-m+fp/hard/libc_nano.a(lib_a-memset.o)
 .debug_abbrev  0x00000000000002a5      0x2da CMakeFiles/NUCLEOH7_CMAKE.dir/Core/Src/eth.c.obj
 .debug_abbrev  0x000000000000057f      0x231 CMakeFiles/NUCLEOH7_CMAKE.dir/Core/Src/freertos.c.obj
 .debug_abbrev  0x00000000000007b0      0x259 CMakeFiles/NUCLEOH7_CMAKE.dir/Core/Src/gpio.c.obj
 .debug_abbrev  0x0000000000000a09      0x360 CMakeFiles/NUCLEOH7_CMAKE.dir/Core/Src/main.c.obj
 .debug_abbrev  0x0000000000000d69      0x23d CMakeFiles/NUCLEOH7_CMAKE.dir/Core/Src/stm32h7xx_hal_msp.c.obj
 .debug_abbrev  0x0000000000000fa6      0x2ce CMakeFiles/NUCLEOH7_CMAKE.dir/Core/Src/stm32h7xx_hal_timebase_tim.c.obj
 .debug_abbrev  0x0000000000001274      0x231 CMakeFiles/NUCLEOH7_CMAKE.dir/Core/Src/stm32h7xx_it.c.obj
 .debug_abbrev  0x00000000000014a5      0x268 CMakeFiles/NUCLEOH7_CMAKE.dir/Core/Src/system_stm32h7xx.c.obj
 .debug_abbrev  0x000000000000170d      0x2ab CMakeFiles/NUCLEOH7_CMAKE.dir/Core/Src/usart.c.obj
 .debug_abbrev  0x00000000000019b8      0x2ba CMakeFiles/NUCLEOH7_CMAKE.dir/Core/Src/usb_otg.c.obj
 .debug_abbrev  0x0000000000001c72      0x341 CMakeFiles/NUCLEOH7_CMAKE.dir/Drivers/STM32H7xx_HAL_Driver/Src/stm32h7xx_hal.c.obj
 .debug_abbrev  0x0000000000001fb3      0x460 CMakeFiles/NUCLEOH7_CMAKE.dir/Drivers/STM32H7xx_HAL_Driver/Src/stm32h7xx_hal_cortex.c.obj
 .debug_abbrev  0x0000000000002413      0x348 CMakeFiles/NUCLEOH7_CMAKE.dir/Drivers/STM32H7xx_HAL_Driver/Src/stm32h7xx_hal_eth.c.obj
 .debug_abbrev  0x000000000000275b      0x31b CMakeFiles/NUCLEOH7_CMAKE.dir/Drivers/STM32H7xx_HAL_Driver/Src/stm32h7xx_hal_gpio.c.obj
 .debug_abbrev  0x0000000000002a76      0x370 CMakeFiles/NUCLEOH7_CMAKE.dir/Drivers/STM32H7xx_HAL_Driver/Src/stm32h7xx_hal_pcd.c.obj
 .debug_abbrev  0x0000000000002de6      0x337 CMakeFiles/NUCLEOH7_CMAKE.dir/Drivers/STM32H7xx_HAL_Driver/Src/stm32h7xx_hal_pcd_ex.c.obj
 .debug_abbrev  0x000000000000311d      0x387 CMakeFiles/NUCLEOH7_CMAKE.dir/Drivers/STM32H7xx_HAL_Driver/Src/stm32h7xx_hal_pwr_ex.c.obj
 .debug_abbrev  0x00000000000034a4      0x321 CMakeFiles/NUCLEOH7_CMAKE.dir/Drivers/STM32H7xx_HAL_Driver/Src/stm32h7xx_hal_rcc.c.obj
 .debug_abbrev  0x00000000000037c5      0x351 CMakeFiles/NUCLEOH7_CMAKE.dir/Drivers/STM32H7xx_HAL_Driver/Src/stm32h7xx_hal_rcc_ex.c.obj
 .debug_abbrev  0x0000000000003b16      0x2f6 CMakeFiles/NUCLEOH7_CMAKE.dir/Drivers/STM32H7xx_HAL_Driver/Src/stm32h7xx_hal_tim.c.obj
 .debug_abbrev  0x0000000000003e0c      0x30c CMakeFiles/NUCLEOH7_CMAKE.dir/Drivers/STM32H7xx_HAL_Driver/Src/stm32h7xx_hal_tim_ex.c.obj
 .debug_abbrev  0x0000000000004118      0x359 CMakeFiles/NUCLEOH7_CMAKE.dir/Drivers/STM32H7xx_HAL_Driver/Src/stm32h7xx_hal_uart.c.obj
 .debug_abbrev  0x0000000000004471      0x30a CMakeFiles/NUCLEOH7_CMAKE.dir/Drivers/STM32H7xx_HAL_Driver/Src/stm32h7xx_hal_uart_ex.c.obj
 .debug_abbrev  0x000000000000477b      0x3b5 CMakeFiles/NUCLEOH7_CMAKE.dir/Drivers/STM32H7xx_HAL_Driver/Src/stm32h7xx_ll_usb.c.obj
 .debug_abbrev  0x0000000000004b30       0x12 CMakeFiles/NUCLEOH7_CMAKE.dir/startup_stm32h743xx.s.obj
 .debug_abbrev  0x0000000000004b42       0x14 /usr/lib/gcc/arm-none-eabi/9.2.1/thumb/v7e-m+fp/hard/libgcc.a(_aeabi_uldivmod.o)
 .debug_abbrev  0x0000000000004b56      0x1c2 /usr/lib/gcc/arm-none-eabi/9.2.1/thumb/v7e-m+fp/hard/libgcc.a(_udivmoddi4.o)
 .debug_abbrev  0x0000000000004d18       0x14 /usr/lib/gcc/arm-none-eabi/9.2.1/thumb/v7e-m+fp/hard/libgcc.a(_dvmd_tls.o)

.debug_loc      0x0000000000000000    0x14046
 .debug_loc     0x0000000000000000       0xba /usr/lib/gcc/arm-none-eabi/9.2.1/../../../arm-none-eabi/lib/thumb/v7e-m+fp/hard/libc_nano.a(lib_a-init.o)
 .debug_loc     0x00000000000000ba      0x231 /usr/lib/gcc/arm-none-eabi/9.2.1/../../../arm-none-eabi/lib/thumb/v7e-m+fp/hard/libc_nano.a(lib_a-memset.o)
 .debug_loc     0x00000000000002eb       0x84 CMakeFiles/NUCLEOH7_CMAKE.dir/Core/Src/eth.c.obj
 .debug_loc     0x000000000000036f       0x25 CMakeFiles/NUCLEOH7_CMAKE.dir/Core/Src/freertos.c.obj
 .debug_loc     0x0000000000000394       0xb1 CMakeFiles/NUCLEOH7_CMAKE.dir/Core/Src/main.c.obj
 .debug_loc     0x0000000000000445       0xb6 CMakeFiles/NUCLEOH7_CMAKE.dir/Core/Src/stm32h7xx_hal_timebase_tim.c.obj
 .debug_loc     0x00000000000004fb      0x1a0 CMakeFiles/NUCLEOH7_CMAKE.dir/Core/Src/system_stm32h7xx.c.obj
 .debug_loc     0x000000000000069b       0x64 CMakeFiles/NUCLEOH7_CMAKE.dir/Core/Src/usart.c.obj
 .debug_loc     0x00000000000006ff       0x9e CMakeFiles/NUCLEOH7_CMAKE.dir/Core/Src/usb_otg.c.obj
 .debug_loc     0x000000000000079d      0x3fa CMakeFiles/NUCLEOH7_CMAKE.dir/Drivers/STM32H7xx_HAL_Driver/Src/stm32h7xx_hal.c.obj
 .debug_loc     0x0000000000000b97      0x726 CMakeFiles/NUCLEOH7_CMAKE.dir/Drivers/STM32H7xx_HAL_Driver/Src/stm32h7xx_hal_cortex.c.obj
 .debug_loc     0x00000000000012bd     0x1f34 CMakeFiles/NUCLEOH7_CMAKE.dir/Drivers/STM32H7xx_HAL_Driver/Src/stm32h7xx_hal_eth.c.obj
 .debug_loc     0x00000000000031f1      0x38c CMakeFiles/NUCLEOH7_CMAKE.dir/Drivers/STM32H7xx_HAL_Driver/Src/stm32h7xx_hal_gpio.c.obj
 .debug_loc     0x000000000000357d     0x122c CMakeFiles/NUCLEOH7_CMAKE.dir/Drivers/STM32H7xx_HAL_Driver/Src/stm32h7xx_hal_pcd.c.obj
 .debug_loc     0x00000000000047a9      0x219 CMakeFiles/NUCLEOH7_CMAKE.dir/Drivers/STM32H7xx_HAL_Driver/Src/stm32h7xx_hal_pcd_ex.c.obj
 .debug_loc     0x00000000000049c2      0x4df CMakeFiles/NUCLEOH7_CMAKE.dir/Drivers/STM32H7xx_HAL_Driver/Src/stm32h7xx_hal_pwr_ex.c.obj
 .debug_loc     0x0000000000004ea1      0x8b9 CMakeFiles/NUCLEOH7_CMAKE.dir/Drivers/STM32H7xx_HAL_Driver/Src/stm32h7xx_hal_rcc.c.obj
 .debug_loc     0x000000000000575a     0x19e9 CMakeFiles/NUCLEOH7_CMAKE.dir/Drivers/STM32H7xx_HAL_Driver/Src/stm32h7xx_hal_rcc_ex.c.obj
 .debug_loc     0x0000000000007143     0x4b7f CMakeFiles/NUCLEOH7_CMAKE.dir/Drivers/STM32H7xx_HAL_Driver/Src/stm32h7xx_hal_tim.c.obj
 .debug_loc     0x000000000000bcc2     0x2300 CMakeFiles/NUCLEOH7_CMAKE.dir/Drivers/STM32H7xx_HAL_Driver/Src/stm32h7xx_hal_tim_ex.c.obj
 .debug_loc     0x000000000000dfc2     0x236c CMakeFiles/NUCLEOH7_CMAKE.dir/Drivers/STM32H7xx_HAL_Driver/Src/stm32h7xx_hal_uart.c.obj
 .debug_loc     0x000000000001032e      0xa14 CMakeFiles/NUCLEOH7_CMAKE.dir/Drivers/STM32H7xx_HAL_Driver/Src/stm32h7xx_hal_uart_ex.c.obj
 .debug_loc     0x0000000000010d42     0x2362 CMakeFiles/NUCLEOH7_CMAKE.dir/Drivers/STM32H7xx_HAL_Driver/Src/stm32h7xx_ll_usb.c.obj
 .debug_loc     0x00000000000130a4      0xfa2 /usr/lib/gcc/arm-none-eabi/9.2.1/thumb/v7e-m+fp/hard/libgcc.a(_udivmoddi4.o)

.debug_aranges  0x0000000000000000     0x1558
 .debug_aranges
                0x0000000000000000       0x20 /usr/lib/gcc/arm-none-eabi/9.2.1/../../../arm-none-eabi/lib/thumb/v7e-m+fp/hard/libc_nano.a(lib_a-init.o)
 .debug_aranges
                0x0000000000000020       0x20 /usr/lib/gcc/arm-none-eabi/9.2.1/../../../arm-none-eabi/lib/thumb/v7e-m+fp/hard/libc_nano.a(lib_a-memset.o)
 .debug_aranges
                0x0000000000000040       0x30 CMakeFiles/NUCLEOH7_CMAKE.dir/Core/Src/eth.c.obj
 .debug_aranges
                0x0000000000000070       0x28 CMakeFiles/NUCLEOH7_CMAKE.dir/Core/Src/freertos.c.obj
 .debug_aranges
                0x0000000000000098       0x20 CMakeFiles/NUCLEOH7_CMAKE.dir/Core/Src/gpio.c.obj
 .debug_aranges
                0x00000000000000b8       0x50 CMakeFiles/NUCLEOH7_CMAKE.dir/Core/Src/main.c.obj
 .debug_aranges
                0x0000000000000108       0x20 CMakeFiles/NUCLEOH7_CMAKE.dir/Core/Src/stm32h7xx_hal_msp.c.obj
 .debug_aranges
                0x0000000000000128       0x30 CMakeFiles/NUCLEOH7_CMAKE.dir/Core/Src/stm32h7xx_hal_timebase_tim.c.obj
 .debug_aranges
                0x0000000000000158       0x50 CMakeFiles/NUCLEOH7_CMAKE.dir/Core/Src/stm32h7xx_it.c.obj
 .debug_aranges
                0x00000000000001a8       0x28 CMakeFiles/NUCLEOH7_CMAKE.dir/Core/Src/system_stm32h7xx.c.obj
 .debug_aranges
                0x00000000000001d0       0x30 CMakeFiles/NUCLEOH7_CMAKE.dir/Core/Src/usart.c.obj
 .debug_aranges
                0x0000000000000200       0x30 CMakeFiles/NUCLEOH7_CMAKE.dir/Core/Src/usb_otg.c.obj
 .debug_aranges
                0x0000000000000230      0x198 CMakeFiles/NUCLEOH7_CMAKE.dir/Drivers/STM32H7xx_HAL_Driver/Src/stm32h7xx_hal.c.obj
 .debug_aranges
                0x00000000000003c8       0xb0 CMakeFiles/NUCLEOH7_CMAKE.dir/Drivers/STM32H7xx_HAL_Driver/Src/stm32h7xx_hal_cortex.c.obj
 .debug_aranges
                0x0000000000000478      0x1b0 CMakeFiles/NUCLEOH7_CMAKE.dir/Drivers/STM32H7xx_HAL_Driver/Src/stm32h7xx_hal_eth.c.obj
 .debug_aranges
                0x0000000000000628       0x58 CMakeFiles/NUCLEOH7_CMAKE.dir/Drivers/STM32H7xx_HAL_Driver/Src/stm32h7xx_hal_gpio.c.obj
 .debug_aranges
                0x0000000000000680      0x130 CMakeFiles/NUCLEOH7_CMAKE.dir/Drivers/STM32H7xx_HAL_Driver/Src/stm32h7xx_hal_pcd.c.obj
 .debug_aranges
                0x00000000000007b0       0x60 CMakeFiles/NUCLEOH7_CMAKE.dir/Drivers/STM32H7xx_HAL_Driver/Src/stm32h7xx_hal_pcd_ex.c.obj
 .debug_aranges
                0x0000000000000810      0x158 CMakeFiles/NUCLEOH7_CMAKE.dir/Drivers/STM32H7xx_HAL_Driver/Src/stm32h7xx_hal_pwr_ex.c.obj
 .debug_aranges
                0x0000000000000968       0x88 CMakeFiles/NUCLEOH7_CMAKE.dir/Drivers/STM32H7xx_HAL_Driver/Src/stm32h7xx_hal_rcc.c.obj
 .debug_aranges
                0x00000000000009f0       0xf8 CMakeFiles/NUCLEOH7_CMAKE.dir/Drivers/STM32H7xx_HAL_Driver/Src/stm32h7xx_hal_rcc_ex.c.obj
 .debug_aranges
                0x0000000000000ae8      0x3e0 CMakeFiles/NUCLEOH7_CMAKE.dir/Drivers/STM32H7xx_HAL_Driver/Src/stm32h7xx_hal_tim.c.obj
 .debug_aranges
                0x0000000000000ec8      0x188 CMakeFiles/NUCLEOH7_CMAKE.dir/Drivers/STM32H7xx_HAL_Driver/Src/stm32h7xx_hal_tim_ex.c.obj
 .debug_aranges
                0x0000000000001050      0x248 CMakeFiles/NUCLEOH7_CMAKE.dir/Drivers/STM32H7xx_HAL_Driver/Src/stm32h7xx_hal_uart.c.obj
 .debug_aranges
                0x0000000000001298       0xa0 CMakeFiles/NUCLEOH7_CMAKE.dir/Drivers/STM32H7xx_HAL_Driver/Src/stm32h7xx_hal_uart_ex.c.obj
 .debug_aranges
                0x0000000000001338      0x198 CMakeFiles/NUCLEOH7_CMAKE.dir/Drivers/STM32H7xx_HAL_Driver/Src/stm32h7xx_ll_usb.c.obj
 .debug_aranges
                0x00000000000014d0       0x28 CMakeFiles/NUCLEOH7_CMAKE.dir/startup_stm32h743xx.s.obj
 .debug_aranges
                0x00000000000014f8       0x20 /usr/lib/gcc/arm-none-eabi/9.2.1/thumb/v7e-m+fp/hard/libgcc.a(_aeabi_uldivmod.o)
 .debug_aranges
                0x0000000000001518       0x20 /usr/lib/gcc/arm-none-eabi/9.2.1/thumb/v7e-m+fp/hard/libgcc.a(_udivmoddi4.o)
 .debug_aranges
                0x0000000000001538       0x20 /usr/lib/gcc/arm-none-eabi/9.2.1/thumb/v7e-m+fp/hard/libgcc.a(_dvmd_tls.o)

.debug_line     0x0000000000000000    0x1e88f
 .debug_line    0x0000000000000000      0x10d /usr/lib/gcc/arm-none-eabi/9.2.1/../../../arm-none-eabi/lib/thumb/v7e-m+fp/hard/libc_nano.a(lib_a-init.o)
 .debug_line    0x000000000000010d      0x26b /usr/lib/gcc/arm-none-eabi/9.2.1/../../../arm-none-eabi/lib/thumb/v7e-m+fp/hard/libc_nano.a(lib_a-memset.o)
 .debug_line    0x0000000000000378      0x8b3 CMakeFiles/NUCLEOH7_CMAKE.dir/Core/Src/eth.c.obj
 .debug_line    0x0000000000000c2b      0x8be CMakeFiles/NUCLEOH7_CMAKE.dir/Core/Src/freertos.c.obj
 .debug_line    0x00000000000014e9      0x777 CMakeFiles/NUCLEOH7_CMAKE.dir/Core/Src/gpio.c.obj
 .debug_line    0x0000000000001c60      0xb22 CMakeFiles/NUCLEOH7_CMAKE.dir/Core/Src/main.c.obj
 .debug_line    0x0000000000002782      0x6b9 CMakeFiles/NUCLEOH7_CMAKE.dir/Core/Src/stm32h7xx_hal_msp.c.obj
 .debug_line    0x0000000000002e3b      0x783 CMakeFiles/NUCLEOH7_CMAKE.dir/Core/Src/stm32h7xx_hal_timebase_tim.c.obj
 .debug_line    0x00000000000035be      0x78c CMakeFiles/NUCLEOH7_CMAKE.dir/Core/Src/stm32h7xx_it.c.obj
 .debug_line    0x0000000000003d4a      0x90f CMakeFiles/NUCLEOH7_CMAKE.dir/Core/Src/system_stm32h7xx.c.obj
 .debug_line    0x0000000000004659      0x843 CMakeFiles/NUCLEOH7_CMAKE.dir/Core/Src/usart.c.obj
 .debug_line    0x0000000000004e9c      0x83f CMakeFiles/NUCLEOH7_CMAKE.dir/Core/Src/usb_otg.c.obj
 .debug_line    0x00000000000056db      0xd62 CMakeFiles/NUCLEOH7_CMAKE.dir/Drivers/STM32H7xx_HAL_Driver/Src/stm32h7xx_hal.c.obj
 .debug_line    0x000000000000643d      0xc73 CMakeFiles/NUCLEOH7_CMAKE.dir/Drivers/STM32H7xx_HAL_Driver/Src/stm32h7xx_hal_cortex.c.obj
 .debug_line    0x00000000000070b0     0x24bc CMakeFiles/NUCLEOH7_CMAKE.dir/Drivers/STM32H7xx_HAL_Driver/Src/stm32h7xx_hal_eth.c.obj
 .debug_line    0x000000000000956c      0xbc8 CMakeFiles/NUCLEOH7_CMAKE.dir/Drivers/STM32H7xx_HAL_Driver/Src/stm32h7xx_hal_gpio.c.obj
 .debug_line    0x000000000000a134     0x1831 CMakeFiles/NUCLEOH7_CMAKE.dir/Drivers/STM32H7xx_HAL_Driver/Src/stm32h7xx_hal_pcd.c.obj
 .debug_line    0x000000000000b965      0x973 CMakeFiles/NUCLEOH7_CMAKE.dir/Drivers/STM32H7xx_HAL_Driver/Src/stm32h7xx_hal_pcd_ex.c.obj
 .debug_line    0x000000000000c2d8      0xf26 CMakeFiles/NUCLEOH7_CMAKE.dir/Drivers/STM32H7xx_HAL_Driver/Src/stm32h7xx_hal_pwr_ex.c.obj
 .debug_line    0x000000000000d1fe     0x1653 CMakeFiles/NUCLEOH7_CMAKE.dir/Drivers/STM32H7xx_HAL_Driver/Src/stm32h7xx_hal_rcc.c.obj
 .debug_line    0x000000000000e851     0x21d5 CMakeFiles/NUCLEOH7_CMAKE.dir/Drivers/STM32H7xx_HAL_Driver/Src/stm32h7xx_hal_rcc_ex.c.obj
 .debug_line    0x0000000000010a26     0x51f4 CMakeFiles/NUCLEOH7_CMAKE.dir/Drivers/STM32H7xx_HAL_Driver/Src/stm32h7xx_hal_tim.c.obj
 .debug_line    0x0000000000015c1a     0x234e CMakeFiles/NUCLEOH7_CMAKE.dir/Drivers/STM32H7xx_HAL_Driver/Src/stm32h7xx_hal_tim_ex.c.obj
 .debug_line    0x0000000000017f68     0x3152 CMakeFiles/NUCLEOH7_CMAKE.dir/Drivers/STM32H7xx_HAL_Driver/Src/stm32h7xx_hal_uart.c.obj
 .debug_line    0x000000000001b0ba      0xf7f CMakeFiles/NUCLEOH7_CMAKE.dir/Drivers/STM32H7xx_HAL_Driver/Src/stm32h7xx_hal_uart_ex.c.obj
 .debug_line    0x000000000001c039     0x20d6 CMakeFiles/NUCLEOH7_CMAKE.dir/Drivers/STM32H7xx_HAL_Driver/Src/stm32h7xx_ll_usb.c.obj
 .debug_line    0x000000000001e10f       0xa6 CMakeFiles/NUCLEOH7_CMAKE.dir/startup_stm32h743xx.s.obj
 .debug_line    0x000000000001e1b5       0x60 /usr/lib/gcc/arm-none-eabi/9.2.1/thumb/v7e-m+fp/hard/libgcc.a(_aeabi_uldivmod.o)
 .debug_line    0x000000000001e215      0x61a /usr/lib/gcc/arm-none-eabi/9.2.1/thumb/v7e-m+fp/hard/libgcc.a(_udivmoddi4.o)
 .debug_line    0x000000000001e82f       0x60 /usr/lib/gcc/arm-none-eabi/9.2.1/thumb/v7e-m+fp/hard/libgcc.a(_dvmd_tls.o)

.debug_str      0x0000000000000000   0x16eb89
 .debug_str     0x0000000000000000      0x187 /usr/lib/gcc/arm-none-eabi/9.2.1/../../../arm-none-eabi/lib/thumb/v7e-m+fp/hard/libc_nano.a(lib_a-init.o)
                                        0x229 (size before relaxing)
 .debug_str     0x0000000000000187      0x6b1 /usr/lib/gcc/arm-none-eabi/9.2.1/../../../arm-none-eabi/lib/thumb/v7e-m+fp/hard/libc_nano.a(lib_a-memset.o)
                                        0x90f (size before relaxing)
 .debug_str     0x0000000000000838   0x1605fc CMakeFiles/NUCLEOH7_CMAKE.dir/Core/Src/eth.c.obj
                                     0x160f51 (size before relaxing)
 .debug_str     0x0000000000160e34     0x4e31 CMakeFiles/NUCLEOH7_CMAKE.dir/Core/Src/freertos.c.obj
                                     0x165126 (size before relaxing)
 .debug_str     0x0000000000165c65       0x87 CMakeFiles/NUCLEOH7_CMAKE.dir/Core/Src/gpio.c.obj
                                     0x160602 (size before relaxing)
 .debug_str     0x0000000000165cec      0xee2 CMakeFiles/NUCLEOH7_CMAKE.dir/Core/Src/main.c.obj
                                     0x166972 (size before relaxing)
 .debug_str     0x0000000000166bce      0x820 CMakeFiles/NUCLEOH7_CMAKE.dir/Core/Src/stm32h7xx_hal_msp.c.obj
                                     0x160d8b (size before relaxing)
 .debug_str     0x00000000001673ee      0x14e CMakeFiles/NUCLEOH7_CMAKE.dir/Core/Src/stm32h7xx_hal_timebase_tim.c.obj
                                     0x161396 (size before relaxing)
 .debug_str     0x000000000016753c       0xe6 CMakeFiles/NUCLEOH7_CMAKE.dir/Core/Src/stm32h7xx_it.c.obj
                                     0x1609c9 (size before relaxing)
 .debug_str     0x0000000000167622      0x34b CMakeFiles/NUCLEOH7_CMAKE.dir/Core/Src/system_stm32h7xx.c.obj
                                     0x1606e3 (size before relaxing)
 .debug_str     0x000000000016796d      0x3ea CMakeFiles/NUCLEOH7_CMAKE.dir/Core/Src/usart.c.obj
                                     0x160f7f (size before relaxing)
 .debug_str     0x0000000000167d57       0x9f CMakeFiles/NUCLEOH7_CMAKE.dir/Core/Src/usb_otg.c.obj
                                     0x160de3 (size before relaxing)
 .debug_str     0x0000000000167df6      0x76c CMakeFiles/NUCLEOH7_CMAKE.dir/Drivers/STM32H7xx_HAL_Driver/Src/stm32h7xx_hal.c.obj
                                     0x161551 (size before relaxing)
 .debug_str     0x0000000000168562      0x36b CMakeFiles/NUCLEOH7_CMAKE.dir/Drivers/STM32H7xx_HAL_Driver/Src/stm32h7xx_hal_cortex.c.obj
                                     0x160ffc (size before relaxing)
 .debug_str     0x00000000001688cd     0x1067 CMakeFiles/NUCLEOH7_CMAKE.dir/Drivers/STM32H7xx_HAL_Driver/Src/stm32h7xx_hal_eth.c.obj
                                     0x161df3 (size before relaxing)
 .debug_str     0x0000000000169934      0x1e9 CMakeFiles/NUCLEOH7_CMAKE.dir/Drivers/STM32H7xx_HAL_Driver/Src/stm32h7xx_hal_gpio.c.obj
                                     0x16077f (size before relaxing)
 .debug_str     0x0000000000169b1d      0x7cd CMakeFiles/NUCLEOH7_CMAKE.dir/Drivers/STM32H7xx_HAL_Driver/Src/stm32h7xx_hal_pcd.c.obj
                                     0x160d6b (size before relaxing)
 .debug_str     0x000000000016a2ea      0x1b4 CMakeFiles/NUCLEOH7_CMAKE.dir/Drivers/STM32H7xx_HAL_Driver/Src/stm32h7xx_hal_pcd_ex.c.obj
                                     0x16076e (size before relaxing)
 .debug_str     0x000000000016a49e      0x645 CMakeFiles/NUCLEOH7_CMAKE.dir/Drivers/STM32H7xx_HAL_Driver/Src/stm32h7xx_hal_pwr_ex.c.obj
                                     0x160b6d (size before relaxing)
 .debug_str     0x000000000016aae3      0x211 CMakeFiles/NUCLEOH7_CMAKE.dir/Drivers/STM32H7xx_HAL_Driver/Src/stm32h7xx_hal_rcc.c.obj
                                     0x160a42 (size before relaxing)
 .debug_str     0x000000000016acf4      0x678 CMakeFiles/NUCLEOH7_CMAKE.dir/Drivers/STM32H7xx_HAL_Driver/Src/stm32h7xx_hal_rcc_ex.c.obj
                                     0x160f19 (size before relaxing)
 .debug_str     0x000000000016b36c      0xe82 CMakeFiles/NUCLEOH7_CMAKE.dir/Drivers/STM32H7xx_HAL_Driver/Src/stm32h7xx_hal_tim.c.obj
                                     0x1617a9 (size before relaxing)
 .debug_str     0x000000000016c1ee      0x65f CMakeFiles/NUCLEOH7_CMAKE.dir/Drivers/STM32H7xx_HAL_Driver/Src/stm32h7xx_hal_tim_ex.c.obj
                                     0x1610cd (size before relaxing)
 .debug_str     0x000000000016c84d      0xa59 CMakeFiles/NUCLEOH7_CMAKE.dir/Drivers/STM32H7xx_HAL_Driver/Src/stm32h7xx_hal_uart.c.obj
                                     0x161518 (size before relaxing)
 .debug_str     0x000000000016d2a6      0x26d CMakeFiles/NUCLEOH7_CMAKE.dir/Drivers/STM32H7xx_HAL_Driver/Src/stm32h7xx_hal_uart_ex.c.obj
                                     0x160acd (size before relaxing)
 .debug_str     0x000000000016d513      0x47c CMakeFiles/NUCLEOH7_CMAKE.dir/Drivers/STM32H7xx_HAL_Driver/Src/stm32h7xx_ll_usb.c.obj
                                     0x160c8c (size before relaxing)
 .debug_str     0x000000000016d98f       0x52 CMakeFiles/NUCLEOH7_CMAKE.dir/startup_stm32h743xx.s.obj
                                         0x88 (size before relaxing)
 .debug_str     0x000000000016d9e1       0x97 /usr/lib/gcc/arm-none-eabi/9.2.1/thumb/v7e-m+fp/hard/libgcc.a(_aeabi_uldivmod.o)
                                         0xa3 (size before relaxing)
 .debug_str     0x000000000016da78     0x10e1 /usr/lib/gcc/arm-none-eabi/9.2.1/thumb/v7e-m+fp/hard/libgcc.a(_udivmoddi4.o)
                                       0x11e6 (size before relaxing)
 .debug_str     0x000000000016eb59       0x30 /usr/lib/gcc/arm-none-eabi/9.2.1/thumb/v7e-m+fp/hard/libgcc.a(_dvmd_tls.o)
                                         0xa7 (size before relaxing)

.debug_frame    0x0000000000000000     0x370c
 .debug_frame   0x0000000000000000       0x2c /usr/lib/gcc/arm-none-eabi/9.2.1/../../../arm-none-eabi/lib/thumb/v7e-m+fp/hard/libc_nano.a(lib_a-init.o)
 .debug_frame   0x000000000000002c       0x38 /usr/lib/gcc/arm-none-eabi/9.2.1/../../../arm-none-eabi/lib/thumb/v7e-m+fp/hard/libc_nano.a(lib_a-memset.o)
 .debug_frame   0x0000000000000064       0x64 CMakeFiles/NUCLEOH7_CMAKE.dir/Core/Src/eth.c.obj
 .debug_frame   0x00000000000000c8       0x40 CMakeFiles/NUCLEOH7_CMAKE.dir/Core/Src/freertos.c.obj
 .debug_frame   0x0000000000000108       0x38 CMakeFiles/NUCLEOH7_CMAKE.dir/Core/Src/gpio.c.obj
 .debug_frame   0x0000000000000140       0xb8 CMakeFiles/NUCLEOH7_CMAKE.dir/Core/Src/main.c.obj
 .debug_frame   0x00000000000001f8       0x2c CMakeFiles/NUCLEOH7_CMAKE.dir/Core/Src/stm32h7xx_hal_msp.c.obj
 .debug_frame   0x0000000000000224       0x50 CMakeFiles/NUCLEOH7_CMAKE.dir/Core/Src/stm32h7xx_hal_timebase_tim.c.obj
 .debug_frame   0x0000000000000274       0x88 CMakeFiles/NUCLEOH7_CMAKE.dir/Core/Src/stm32h7xx_it.c.obj
 .debug_frame   0x00000000000002fc       0x3c CMakeFiles/NUCLEOH7_CMAKE.dir/Core/Src/system_stm32h7xx.c.obj
 .debug_frame   0x0000000000000338       0x64 CMakeFiles/NUCLEOH7_CMAKE.dir/Core/Src/usart.c.obj
 .debug_frame   0x000000000000039c       0x68 CMakeFiles/NUCLEOH7_CMAKE.dir/Core/Src/usb_otg.c.obj
 .debug_frame   0x0000000000000404      0x388 CMakeFiles/NUCLEOH7_CMAKE.dir/Drivers/STM32H7xx_HAL_Driver/Src/stm32h7xx_hal.c.obj
 .debug_frame   0x000000000000078c      0x16c CMakeFiles/NUCLEOH7_CMAKE.dir/Drivers/STM32H7xx_HAL_Driver/Src/stm32h7xx_hal_cortex.c.obj
 .debug_frame   0x00000000000008f8      0x4bc CMakeFiles/NUCLEOH7_CMAKE.dir/Drivers/STM32H7xx_HAL_Driver/Src/stm32h7xx_hal_eth.c.obj
 .debug_frame   0x0000000000000db4       0xe4 CMakeFiles/NUCLEOH7_CMAKE.dir/Drivers/STM32H7xx_HAL_Driver/Src/stm32h7xx_hal_gpio.c.obj
 .debug_frame   0x0000000000000e98      0x364 CMakeFiles/NUCLEOH7_CMAKE.dir/Drivers/STM32H7xx_HAL_Driver/Src/stm32h7xx_hal_pcd.c.obj
 .debug_frame   0x00000000000011fc       0xb8 CMakeFiles/NUCLEOH7_CMAKE.dir/Drivers/STM32H7xx_HAL_Driver/Src/stm32h7xx_hal_pcd_ex.c.obj
 .debug_frame   0x00000000000012b4      0x2f4 CMakeFiles/NUCLEOH7_CMAKE.dir/Drivers/STM32H7xx_HAL_Driver/Src/stm32h7xx_hal_pwr_ex.c.obj
 .debug_frame   0x00000000000015a8      0x18c CMakeFiles/NUCLEOH7_CMAKE.dir/Drivers/STM32H7xx_HAL_Driver/Src/stm32h7xx_hal_rcc.c.obj
 .debug_frame   0x0000000000001734      0x284 CMakeFiles/NUCLEOH7_CMAKE.dir/Drivers/STM32H7xx_HAL_Driver/Src/stm32h7xx_hal_rcc_ex.c.obj
 .debug_frame   0x00000000000019b8      0xb7c CMakeFiles/NUCLEOH7_CMAKE.dir/Drivers/STM32H7xx_HAL_Driver/Src/stm32h7xx_hal_tim.c.obj
 .debug_frame   0x0000000000002534      0x49c CMakeFiles/NUCLEOH7_CMAKE.dir/Drivers/STM32H7xx_HAL_Driver/Src/stm32h7xx_hal_tim_ex.c.obj
 .debug_frame   0x00000000000029d0      0x678 CMakeFiles/NUCLEOH7_CMAKE.dir/Drivers/STM32H7xx_HAL_Driver/Src/stm32h7xx_hal_uart.c.obj
 .debug_frame   0x0000000000003048      0x1c8 CMakeFiles/NUCLEOH7_CMAKE.dir/Drivers/STM32H7xx_HAL_Driver/Src/stm32h7xx_hal_uart_ex.c.obj
 .debug_frame   0x0000000000003210      0x49c CMakeFiles/NUCLEOH7_CMAKE.dir/Drivers/STM32H7xx_HAL_Driver/Src/stm32h7xx_ll_usb.c.obj
 .debug_frame   0x00000000000036ac       0x2c /usr/lib/gcc/arm-none-eabi/9.2.1/thumb/v7e-m+fp/hard/libgcc.a(_aeabi_uldivmod.o)
 .debug_frame   0x00000000000036d8       0x34 /usr/lib/gcc/arm-none-eabi/9.2.1/thumb/v7e-m+fp/hard/libgcc.a(_udivmoddi4.o)

.debug_ranges   0x0000000000000000     0x1528
 .debug_ranges  0x0000000000000000       0x20 CMakeFiles/NUCLEOH7_CMAKE.dir/Core/Src/eth.c.obj
 .debug_ranges  0x0000000000000020       0x18 CMakeFiles/NUCLEOH7_CMAKE.dir/Core/Src/freertos.c.obj
 .debug_ranges  0x0000000000000038       0x10 CMakeFiles/NUCLEOH7_CMAKE.dir/Core/Src/gpio.c.obj
 .debug_ranges  0x0000000000000048       0x40 CMakeFiles/NUCLEOH7_CMAKE.dir/Core/Src/main.c.obj
 .debug_ranges  0x0000000000000088       0x10 CMakeFiles/NUCLEOH7_CMAKE.dir/Core/Src/stm32h7xx_hal_msp.c.obj
 .debug_ranges  0x0000000000000098       0x20 CMakeFiles/NUCLEOH7_CMAKE.dir/Core/Src/stm32h7xx_hal_timebase_tim.c.obj
 .debug_ranges  0x00000000000000b8       0x40 CMakeFiles/NUCLEOH7_CMAKE.dir/Core/Src/stm32h7xx_it.c.obj
 .debug_ranges  0x00000000000000f8       0x18 CMakeFiles/NUCLEOH7_CMAKE.dir/Core/Src/system_stm32h7xx.c.obj
 .debug_ranges  0x0000000000000110       0x20 CMakeFiles/NUCLEOH7_CMAKE.dir/Core/Src/usart.c.obj
 .debug_ranges  0x0000000000000130       0x20 CMakeFiles/NUCLEOH7_CMAKE.dir/Core/Src/usb_otg.c.obj
 .debug_ranges  0x0000000000000150      0x188 CMakeFiles/NUCLEOH7_CMAKE.dir/Drivers/STM32H7xx_HAL_Driver/Src/stm32h7xx_hal.c.obj
 .debug_ranges  0x00000000000002d8      0x100 CMakeFiles/NUCLEOH7_CMAKE.dir/Drivers/STM32H7xx_HAL_Driver/Src/stm32h7xx_hal_cortex.c.obj
 .debug_ranges  0x00000000000003d8      0x1a0 CMakeFiles/NUCLEOH7_CMAKE.dir/Drivers/STM32H7xx_HAL_Driver/Src/stm32h7xx_hal_eth.c.obj
 .debug_ranges  0x0000000000000578       0x48 CMakeFiles/NUCLEOH7_CMAKE.dir/Drivers/STM32H7xx_HAL_Driver/Src/stm32h7xx_hal_gpio.c.obj
 .debug_ranges  0x00000000000005c0      0x120 CMakeFiles/NUCLEOH7_CMAKE.dir/Drivers/STM32H7xx_HAL_Driver/Src/stm32h7xx_hal_pcd.c.obj
 .debug_ranges  0x00000000000006e0       0x50 CMakeFiles/NUCLEOH7_CMAKE.dir/Drivers/STM32H7xx_HAL_Driver/Src/stm32h7xx_hal_pcd_ex.c.obj
 .debug_ranges  0x0000000000000730      0x1a8 CMakeFiles/NUCLEOH7_CMAKE.dir/Drivers/STM32H7xx_HAL_Driver/Src/stm32h7xx_hal_pwr_ex.c.obj
 .debug_ranges  0x00000000000008d8       0xe8 CMakeFiles/NUCLEOH7_CMAKE.dir/Drivers/STM32H7xx_HAL_Driver/Src/stm32h7xx_hal_rcc.c.obj
 .debug_ranges  0x00000000000009c0       0xe8 CMakeFiles/NUCLEOH7_CMAKE.dir/Drivers/STM32H7xx_HAL_Driver/Src/stm32h7xx_hal_rcc_ex.c.obj
 .debug_ranges  0x0000000000000aa8      0x3d0 CMakeFiles/NUCLEOH7_CMAKE.dir/Drivers/STM32H7xx_HAL_Driver/Src/stm32h7xx_hal_tim.c.obj
 .debug_ranges  0x0000000000000e78      0x178 CMakeFiles/NUCLEOH7_CMAKE.dir/Drivers/STM32H7xx_HAL_Driver/Src/stm32h7xx_hal_tim_ex.c.obj
 .debug_ranges  0x0000000000000ff0      0x238 CMakeFiles/NUCLEOH7_CMAKE.dir/Drivers/STM32H7xx_HAL_Driver/Src/stm32h7xx_hal_uart.c.obj
 .debug_ranges  0x0000000000001228       0x90 CMakeFiles/NUCLEOH7_CMAKE.dir/Drivers/STM32H7xx_HAL_Driver/Src/stm32h7xx_hal_uart_ex.c.obj
 .debug_ranges  0x00000000000012b8      0x188 CMakeFiles/NUCLEOH7_CMAKE.dir/Drivers/STM32H7xx_HAL_Driver/Src/stm32h7xx_ll_usb.c.obj
 .debug_ranges  0x0000000000001440       0x20 CMakeFiles/NUCLEOH7_CMAKE.dir/startup_stm32h743xx.s.obj
 .debug_ranges  0x0000000000001460       0xc8 /usr/lib/gcc/arm-none-eabi/9.2.1/thumb/v7e-m+fp/hard/libgcc.a(_udivmoddi4.o)

.debug_macro    0x0000000000000000    0x39be1
 .debug_macro   0x0000000000000000      0x2fb CMakeFiles/NUCLEOH7_CMAKE.dir/Core/Src/eth.c.obj
 .debug_macro   0x00000000000002fb      0xaa2 CMakeFiles/NUCLEOH7_CMAKE.dir/Core/Src/eth.c.obj
 .debug_macro   0x0000000000000d9d      0x244 CMakeFiles/NUCLEOH7_CMAKE.dir/Core/Src/eth.c.obj
 .debug_macro   0x0000000000000fe1       0x2e CMakeFiles/NUCLEOH7_CMAKE.dir/Core/Src/eth.c.obj
 .debug_macro   0x000000000000100f       0x3b CMakeFiles/NUCLEOH7_CMAKE.dir/Core/Src/eth.c.obj
 .debug_macro   0x000000000000104a      0x34e CMakeFiles/NUCLEOH7_CMAKE.dir/Core/Src/eth.c.obj
 .debug_macro   0x0000000000001398       0x1c CMakeFiles/NUCLEOH7_CMAKE.dir/Core/Src/eth.c.obj
 .debug_macro   0x00000000000013b4       0x22 CMakeFiles/NUCLEOH7_CMAKE.dir/Core/Src/eth.c.obj
 .debug_macro   0x00000000000013d6      0x101 CMakeFiles/NUCLEOH7_CMAKE.dir/Core/Src/eth.c.obj
 .debug_macro   0x00000000000014d7     0x1305 CMakeFiles/NUCLEOH7_CMAKE.dir/Core/Src/eth.c.obj
 .debug_macro   0x00000000000027dc      0x11f CMakeFiles/NUCLEOH7_CMAKE.dir/Core/Src/eth.c.obj
 .debug_macro   0x00000000000028fb       0x27 CMakeFiles/NUCLEOH7_CMAKE.dir/Core/Src/eth.c.obj
 .debug_macro   0x0000000000002922    0x253d1 CMakeFiles/NUCLEOH7_CMAKE.dir/Core/Src/eth.c.obj
 .debug_macro   0x0000000000027cf3       0x43 CMakeFiles/NUCLEOH7_CMAKE.dir/Core/Src/eth.c.obj
 .debug_macro   0x0000000000027d36     0x3cd3 CMakeFiles/NUCLEOH7_CMAKE.dir/Core/Src/eth.c.obj
 .debug_macro   0x000000000002ba09      0x174 CMakeFiles/NUCLEOH7_CMAKE.dir/Core/Src/eth.c.obj
 .debug_macro   0x000000000002bb7d       0x22 CMakeFiles/NUCLEOH7_CMAKE.dir/Core/Src/eth.c.obj
 .debug_macro   0x000000000002bb9f       0x46 CMakeFiles/NUCLEOH7_CMAKE.dir/Core/Src/eth.c.obj
 .debug_macro   0x000000000002bbe5       0x18 CMakeFiles/NUCLEOH7_CMAKE.dir/Core/Src/eth.c.obj
 .debug_macro   0x000000000002bbfd       0x94 CMakeFiles/NUCLEOH7_CMAKE.dir/Core/Src/eth.c.obj
 .debug_macro   0x000000000002bc91       0x3c CMakeFiles/NUCLEOH7_CMAKE.dir/Core/Src/eth.c.obj
 .debug_macro   0x000000000002bccd       0x34 CMakeFiles/NUCLEOH7_CMAKE.dir/Core/Src/eth.c.obj
 .debug_macro   0x000000000002bd01       0x16 CMakeFiles/NUCLEOH7_CMAKE.dir/Core/Src/eth.c.obj
 .debug_macro   0x000000000002bd17       0x43 CMakeFiles/NUCLEOH7_CMAKE.dir/Core/Src/eth.c.obj
 .debug_macro   0x000000000002bd5a       0x57 CMakeFiles/NUCLEOH7_CMAKE.dir/Core/Src/eth.c.obj
 .debug_macro   0x000000000002bdb1       0x34 CMakeFiles/NUCLEOH7_CMAKE.dir/Core/Src/eth.c.obj
 .debug_macro   0x000000000002bde5       0x10 CMakeFiles/NUCLEOH7_CMAKE.dir/Core/Src/eth.c.obj
 .debug_macro   0x000000000002bdf5       0x52 CMakeFiles/NUCLEOH7_CMAKE.dir/Core/Src/eth.c.obj
 .debug_macro   0x000000000002be47       0x71 CMakeFiles/NUCLEOH7_CMAKE.dir/Core/Src/eth.c.obj
 .debug_macro   0x000000000002beb8       0x1c CMakeFiles/NUCLEOH7_CMAKE.dir/Core/Src/eth.c.obj
 .debug_macro   0x000000000002bed4      0x12a CMakeFiles/NUCLEOH7_CMAKE.dir/Core/Src/eth.c.obj
 .debug_macro   0x000000000002bffe      0x333 CMakeFiles/NUCLEOH7_CMAKE.dir/Core/Src/eth.c.obj
 .debug_macro   0x000000000002c331      0x1a9 CMakeFiles/NUCLEOH7_CMAKE.dir/Core/Src/eth.c.obj
 .debug_macro   0x000000000002c4da       0x5d CMakeFiles/NUCLEOH7_CMAKE.dir/Core/Src/eth.c.obj
 .debug_macro   0x000000000002c537     0x2382 CMakeFiles/NUCLEOH7_CMAKE.dir/Core/Src/eth.c.obj
 .debug_macro   0x000000000002e8b9     0x1002 CMakeFiles/NUCLEOH7_CMAKE.dir/Core/Src/eth.c.obj
 .debug_macro   0x000000000002f8bb      0x14d CMakeFiles/NUCLEOH7_CMAKE.dir/Core/Src/eth.c.obj
 .debug_macro   0x000000000002fa08      0x117 CMakeFiles/NUCLEOH7_CMAKE.dir/Core/Src/eth.c.obj
 .debug_macro   0x000000000002fb1f      0x3b2 CMakeFiles/NUCLEOH7_CMAKE.dir/Core/Src/eth.c.obj
 .debug_macro   0x000000000002fed1       0x27 CMakeFiles/NUCLEOH7_CMAKE.dir/Core/Src/eth.c.obj
 .debug_macro   0x000000000002fef8      0x72d CMakeFiles/NUCLEOH7_CMAKE.dir/Core/Src/eth.c.obj
 .debug_macro   0x0000000000030625      0x229 CMakeFiles/NUCLEOH7_CMAKE.dir/Core/Src/eth.c.obj
 .debug_macro   0x000000000003084e       0x66 CMakeFiles/NUCLEOH7_CMAKE.dir/Core/Src/eth.c.obj
 .debug_macro   0x00000000000308b4      0x3bb CMakeFiles/NUCLEOH7_CMAKE.dir/Core/Src/eth.c.obj
 .debug_macro   0x0000000000030c6f      0xa59 CMakeFiles/NUCLEOH7_CMAKE.dir/Core/Src/eth.c.obj
 .debug_macro   0x00000000000316c8      0x129 CMakeFiles/NUCLEOH7_CMAKE.dir/Core/Src/eth.c.obj
 .debug_macro   0x00000000000317f1      0x3e5 CMakeFiles/NUCLEOH7_CMAKE.dir/Core/Src/eth.c.obj
 .debug_macro   0x0000000000031bd6      0x275 CMakeFiles/NUCLEOH7_CMAKE.dir/Core/Src/eth.c.obj
 .debug_macro   0x0000000000031e4b      0x3cb CMakeFiles/NUCLEOH7_CMAKE.dir/Core/Src/eth.c.obj
 .debug_macro   0x0000000000032216      0x408 CMakeFiles/NUCLEOH7_CMAKE.dir/Core/Src/eth.c.obj
 .debug_macro   0x000000000003261e       0x51 CMakeFiles/NUCLEOH7_CMAKE.dir/Core/Src/eth.c.obj
 .debug_macro   0x000000000003266f       0x4a CMakeFiles/NUCLEOH7_CMAKE.dir/Core/Src/eth.c.obj
 .debug_macro   0x00000000000326b9      0x22c CMakeFiles/NUCLEOH7_CMAKE.dir/Core/Src/eth.c.obj
 .debug_macro   0x00000000000328e5       0x67 CMakeFiles/NUCLEOH7_CMAKE.dir/Core/Src/eth.c.obj
 .debug_macro   0x000000000003294c       0xa5 CMakeFiles/NUCLEOH7_CMAKE.dir/Core/Src/eth.c.obj
 .debug_macro   0x00000000000329f1      0x1c5 CMakeFiles/NUCLEOH7_CMAKE.dir/Core/Src/eth.c.obj
 .debug_macro   0x0000000000032bb6      0x25f CMakeFiles/NUCLEOH7_CMAKE.dir/Core/Src/eth.c.obj
 .debug_macro   0x0000000000032e15       0x35 CMakeFiles/NUCLEOH7_CMAKE.dir/Core/Src/eth.c.obj
 .debug_macro   0x0000000000032e4a      0xad7 CMakeFiles/NUCLEOH7_CMAKE.dir/Core/Src/eth.c.obj
 .debug_macro   0x0000000000033921      0x2a0 CMakeFiles/NUCLEOH7_CMAKE.dir/Core/Src/eth.c.obj
 .debug_macro   0x0000000000033bc1      0x67e CMakeFiles/NUCLEOH7_CMAKE.dir/Core/Src/eth.c.obj
 .debug_macro   0x000000000003423f       0xa6 CMakeFiles/NUCLEOH7_CMAKE.dir/Core/Src/eth.c.obj
 .debug_macro   0x00000000000342e5      0x21e CMakeFiles/NUCLEOH7_CMAKE.dir/Core/Src/eth.c.obj
 .debug_macro   0x0000000000034503       0x90 CMakeFiles/NUCLEOH7_CMAKE.dir/Core/Src/eth.c.obj
 .debug_macro   0x0000000000034593      0x5a0 CMakeFiles/NUCLEOH7_CMAKE.dir/Core/Src/eth.c.obj
 .debug_macro   0x0000000000034b33       0x64 CMakeFiles/NUCLEOH7_CMAKE.dir/Core/Src/eth.c.obj
 .debug_macro   0x0000000000034b97       0x16 CMakeFiles/NUCLEOH7_CMAKE.dir/Core/Src/eth.c.obj
 .debug_macro   0x0000000000034bad       0x35 CMakeFiles/NUCLEOH7_CMAKE.dir/Core/Src/eth.c.obj
 .debug_macro   0x0000000000034be2      0x350 CMakeFiles/NUCLEOH7_CMAKE.dir/Core/Src/freertos.c.obj
 .debug_macro   0x0000000000034f32      0x169 CMakeFiles/NUCLEOH7_CMAKE.dir/Core/Src/freertos.c.obj
 .debug_macro   0x000000000003509b      0x15a CMakeFiles/NUCLEOH7_CMAKE.dir/Core/Src/freertos.c.obj
 .debug_macro   0x00000000000351f5       0xc9 CMakeFiles/NUCLEOH7_CMAKE.dir/Core/Src/freertos.c.obj
 .debug_macro   0x00000000000352be       0x1c CMakeFiles/NUCLEOH7_CMAKE.dir/Core/Src/freertos.c.obj
 .debug_macro   0x00000000000352da       0x26 CMakeFiles/NUCLEOH7_CMAKE.dir/Core/Src/freertos.c.obj
 .debug_macro   0x0000000000035300      0x4c5 CMakeFiles/NUCLEOH7_CMAKE.dir/Core/Src/freertos.c.obj
 .debug_macro   0x00000000000357c5       0xb5 CMakeFiles/NUCLEOH7_CMAKE.dir/Core/Src/freertos.c.obj
 .debug_macro   0x000000000003587a       0xaa CMakeFiles/NUCLEOH7_CMAKE.dir/Core/Src/freertos.c.obj
 .debug_macro   0x0000000000035924       0x6c CMakeFiles/NUCLEOH7_CMAKE.dir/Core/Src/freertos.c.obj
 .debug_macro   0x0000000000035990       0x74 CMakeFiles/NUCLEOH7_CMAKE.dir/Core/Src/freertos.c.obj
 .debug_macro   0x0000000000035a04       0xdd CMakeFiles/NUCLEOH7_CMAKE.dir/Core/Src/freertos.c.obj
 .debug_macro   0x0000000000035ae1      0x2d0 CMakeFiles/NUCLEOH7_CMAKE.dir/Core/Src/gpio.c.obj
 .debug_macro   0x0000000000035db1      0x3ad CMakeFiles/NUCLEOH7_CMAKE.dir/Core/Src/main.c.obj
 .debug_macro   0x000000000003615e      0x169 CMakeFiles/NUCLEOH7_CMAKE.dir/Core/Src/main.c.obj
 .debug_macro   0x00000000000362c7       0x66 CMakeFiles/NUCLEOH7_CMAKE.dir/Core/Src/main.c.obj